Archive member included to satisfy reference by file (symbol)

platform/libplatform_s.a(hw_init.o)
                              secure_fw/CMakeFiles/tfm_s.dir/__/platform/ext/target/nordic_nrf/common/core/startup.o (hw_init_reset_on_boot)
platform/libplatform_s.a(system_nrf91.o)
                              secure_fw/CMakeFiles/tfm_s.dir/__/platform/ext/target/nordic_nrf/common/core/startup.o (SystemInit)
platform/libplatform_s.a(exception_info.o)
                              secure_fw/CMakeFiles/tfm_s.dir/__/platform/ext/target/nordic_nrf/common/core/startup_nrf91.o (store_and_dump_context)
platform/libplatform_s.a(tfm_hal_spm_logdev_peripheral.o)
                              platform/libplatform_s.a(exception_info.o) (tfm_hal_output_spm_log)
platform/libplatform_s.a(uart_stdout.o)
                              platform/libplatform_s.a(tfm_hal_spm_logdev_peripheral.o) (stdio_output_string)
platform/libplatform_s.a(Driver_USART.o)
                              platform/libplatform_s.a(uart_stdout.o) (Driver_USART1)
platform/libplatform_s.a(nrfx_uarte.o)
                              platform/libplatform_s.a(Driver_USART.o) (nrfx_uarte_init)
platform/libplatform_s.a(nrfx_glue.o)
                              platform/libplatform_s.a(nrfx_uarte.o) (nrfx_critical_section_enter)
secure_fw/partitions/lib/runtime/libtfm_sprt.a(crt_memmove.o)
                              platform/libplatform_s.a(nrfx_uarte.o) (memmove)
secure_fw/partitions/lib/runtime/libtfm_sprt.a(crt_memcpy.o)
                              platform/libplatform_s.a(exception_info.o) (memcpy)
secure_fw/partitions/lib/runtime/libtfm_sprt.a(crt_memset.o)
                              c:/ncs/toolchains/b620d30767/opt/zephyr-sdk/arm-zephyr-eabi/bin/../lib/gcc/arm-zephyr-eabi/12.2.0/../../../../arm-zephyr-eabi/lib/thumb/v8-m.main+fp/hard/crt0.o (memset)
secure_fw/partitions/lib/runtime/libtfm_sprt.a(psa_interface_sfn.o)
                              secure_fw/CMakeFiles/tfm_s.dir/partitions/ns_agent_tz/psa_api_veneers_v80m.o (psa_framework_version)
secure_fw/spm/libtfm_spm.a(utilities.o)
                              secure_fw/CMakeFiles/tfm_s.dir/__/platform/ext/target/nordic_nrf/common/core/startup.o (tfm_core_panic)
secure_fw/spm/libtfm_spm.a(spm_log.o)
                              platform/libplatform_s.a(exception_info.o) (spm_log_msgval)
secure_fw/spm/libtfm_spm.a(main.o)
                              c:/ncs/toolchains/b620d30767/opt/zephyr-sdk/arm-zephyr-eabi/bin/../lib/gcc/arm-zephyr-eabi/12.2.0/../../../../arm-zephyr-eabi/lib/thumb/v8-m.main+fp/hard/crt0.o (main)
secure_fw/spm/libtfm_spm.a(spm_ipc.o)
                              secure_fw/spm/libtfm_spm.a(main.o) (tfm_spm_init)
secure_fw/spm/libtfm_spm.a(rom_loader.o)
                              secure_fw/spm/libtfm_spm.a(spm_ipc.o) (load_a_partition_assuredly)
secure_fw/spm/libtfm_spm.a(psa_api.o)
                              secure_fw/partitions/lib/runtime/libtfm_sprt.a(psa_interface_sfn.o) (spm_handle_programmer_errors)
secure_fw/spm/libtfm_spm.a(psa_call_api.o)
                              secure_fw/partitions/lib/runtime/libtfm_sprt.a(psa_interface_sfn.o) (tfm_spm_client_psa_call)
secure_fw/spm/libtfm_spm.a(psa_version_api.o)
                              secure_fw/partitions/lib/runtime/libtfm_sprt.a(psa_interface_sfn.o) (tfm_spm_client_psa_framework_version)
secure_fw/spm/libtfm_spm.a(psa_read_write_skip_api.o)
                              secure_fw/partitions/lib/runtime/libtfm_sprt.a(psa_interface_sfn.o) (tfm_spm_partition_psa_read)
secure_fw/spm/libtfm_spm.a(backend_sfn.o)
                              secure_fw/partitions/lib/runtime/libtfm_sprt.a(psa_interface_sfn.o) (p_current_partition)
secure_fw/spm/libtfm_spm.a(tfm_spm_ns_ctx.o)
                              secure_fw/spm/libtfm_spm.a(backend_sfn.o) (tz_ns_agent_register_client_id_range)
secure_fw/spm/libtfm_spm.a(spm_local_connection.o)
                              secure_fw/spm/libtfm_spm.a(spm_ipc.o) (connection_to_handle)
secure_fw/spm/libtfm_spm.a(tfm_arch_v8m_main.o)
                              secure_fw/spm/libtfm_spm.a(main.o) (tfm_arch_set_secure_exception_priorities)
secure_fw/spm/libtfm_spm.a(ns_agent_tz_v80m.o)
                              secure_fw/CMakeFiles/tfm_s.dir/partitions/ns_agent_tz/load_info_ns_agent_tz.o (ns_agent_tz_main)
secure_fw/spm/libtfm_spm.a(tfm_hal_isolation.o)
                              secure_fw/spm/libtfm_spm.a(spm_ipc.o) (tfm_hal_bind_boundary)
secure_fw/spm/libtfm_spm.a(tfm_hal_platform_common.o)
                              secure_fw/spm/libtfm_spm.a(tfm_spm_ns_ctx.o) (tfm_hal_get_ns_VTOR)
secure_fw/spm/libtfm_spm.a(faults.o)
                              secure_fw/CMakeFiles/tfm_s.dir/__/platform/ext/target/nordic_nrf/common/core/startup_nrf91.o (SPU_IRQHandler)
secure_fw/spm/libtfm_spm.a(target_cfg.o)
                              secure_fw/spm/libtfm_spm.a(tfm_hal_platform_common.o) (enable_fault_handlers)
secure_fw/spm/libtfm_spm.a(tfm_boot_data.o)
[...]
Memory Configuration

Name             Origin             Length             Attributes
FLASH            0x0000000000010200 0x0000000000007e00 xr
RAM              0x0000000020000000 0x0000000000008000 rw
*default*        0x0000000000000000 0xffffffffffffffff

Linker script and memory map

LOAD c:/ncs/toolchains/b620d30767/opt/zephyr-sdk/arm-zephyr-eabi/bin/../lib/gcc/arm-zephyr-eabi/12.2.0/thumb/v8-m.main+fp/hard/crti.o
LOAD c:/ncs/toolchains/b620d30767/opt/zephyr-sdk/arm-zephyr-eabi/bin/../lib/gcc/arm-zephyr-eabi/12.2.0/thumb/v8-m.main+fp/hard/crtbegin.o
LOAD c:/ncs/toolchains/b620d30767/opt/zephyr-sdk/arm-zephyr-eabi/bin/../lib/gcc/arm-zephyr-eabi/12.2.0/../../../../arm-zephyr-eabi/lib/thumb/v8-m.main+fp/hard/crt0.o
LOAD secure_fw/CMakeFiles/tfm_s.dir/partitions/ns_agent_tz/psa_api_veneers_v80m.o
LOAD secure_fw/CMakeFiles/tfm_s.dir/__/platform/ext/target/nordic_nrf/common/core/startup.o
LOAD secure_fw/CMakeFiles/tfm_s.dir/__/platform/ext/target/nordic_nrf/common/core/startup_nrf91.o
LOAD secure_fw/CMakeFiles/tfm_s.dir/__/platform/ext/common/faults.o
LOAD secure_fw/CMakeFiles/tfm_s.dir/__/generated/secure_fw/partitions/crypto/auto_generated/load_info_tfm_crypto.o
LOAD secure_fw/CMakeFiles/tfm_s.dir/__/generated/secure_fw/partitions/platform/auto_generated/load_info_tfm_platform.o
LOAD secure_fw/CMakeFiles/tfm_s.dir/partitions/ns_agent_tz/load_info_ns_agent_tz.o
LOAD secure_fw/CMakeFiles/tfm_s.dir/__/platform/ext/common/syscalls_stub.o
LOAD platform/libplatform_s.a
LOAD secure_fw/partitions/lib/runtime/libtfm_sprt.a
LOAD secure_fw/spm/libtfm_spm.a
LOAD secure_fw/partitions/crypto/libtfm_psa_rot_partition_crypto.a
LOAD platform/libplatform_crypto_keys.a
LOAD secure_fw/partitions/crypto/mbedcrypto/nrf_security_src/libcrypto_service_mbedcrypto.a
LOAD secure_fw/partitions/platform/libtfm_psa_rot_partition_platform.a
LOAD secure_fw/partitions/lib/runtime/libtfm_sp_log.a
LOAD secure_fw/partitions/crypto/mbedcrypto/nrf_security_src/libmbedcrypto_base.a
LOAD secure_fw/partitions/crypto/mbedcrypto/nrf_security_src/core/nrf_oberon/liboberon_psa_core.a
LOAD secure_fw/partitions/crypto/mbedcrypto/nrf_security_src/libnrf_security_utils.a
LOAD secure_fw/partitions/crypto/mbedcrypto/nrf_security_src/drivers/nrf_oberon/liboberon_psa_driver.a
LOAD C:/ncs/v2.9.0/nrfxlib/crypto/nrf_oberon/lib/cortex-m33/hard-float/liboberon_mbedtls_3.0.15.a
LOAD platform/libplatform_s.a
LOAD secure_fw/partitions/lib/runtime/libtfm_sprt.a
LOAD secure_fw/spm/libtfm_spm.a
LOAD secure_fw/partitions/crypto/libtfm_psa_rot_partition_crypto.a
LOAD platform/libplatform_crypto_keys.a
LOAD secure_fw/partitions/crypto/mbedcrypto/nrf_security_src/libcrypto_service_mbedcrypto.a
LOAD secure_fw/partitions/platform/libtfm_psa_rot_partition_platform.a
LOAD secure_fw/partitions/lib/runtime/libtfm_sp_log.a
LOAD secure_fw/partitions/crypto/mbedcrypto/nrf_security_src/libmbedcrypto_base.a
LOAD secure_fw/partitions/crypto/mbedcrypto/nrf_security_src/core/nrf_oberon/liboberon_psa_core.a
LOAD secure_fw/partitions/crypto/mbedcrypto/nrf_security_src/libnrf_security_utils.a
LOAD secure_fw/partitions/crypto/mbedcrypto/nrf_security_src/drivers/nrf_oberon/liboberon_psa_driver.a
LOAD C:/ncs/v2.9.0/nrfxlib/crypto/nrf_oberon/lib/cortex-m33/hard-float/liboberon_mbedtls_3.0.15.a
LOAD platform/libplatform_s.a
LOAD secure_fw/partitions/lib/runtime/libtfm_sprt.a
LOAD secure_fw/spm/libtfm_spm.a
LOAD secure_fw/partitions/crypto/libtfm_psa_rot_partition_crypto.a
LOAD platform/libplatform_crypto_keys.a
LOAD secure_fw/partitions/crypto/mbedcrypto/nrf_security_src/libcrypto_service_mbedcrypto.a
LOAD secure_fw/partitions/platform/libtfm_psa_rot_partition_platform.a
LOAD secure_fw/partitions/lib/runtime/libtfm_sp_log.a
LOAD secure_fw/partitions/crypto/mbedcrypto/nrf_security_src/libmbedcrypto_base.a
LOAD secure_fw/partitions/crypto/mbedcrypto/nrf_security_src/core/nrf_oberon/liboberon_psa_core.a
LOAD secure_fw/partitions/crypto/mbedcrypto/nrf_security_src/libnrf_security_utils.a
LOAD secure_fw/partitions/crypto/mbedcrypto/nrf_security_src/drivers/nrf_oberon/liboberon_psa_driver.a
LOAD C:/ncs/v2.9.0/nrfxlib/crypto/nrf_oberon/lib/cortex-m33/hard-float/liboberon_mbedtls_3.0.15.a
LOAD C:/ncs/v2.9.0/nrfxlib/crypto/nrf_cc310_platform/lib/cortex-m33/hard-float/no-interrupts/libnrf_cc310_platform_0.9.19.a
LOAD C:/ncs/v2.9.0/nrfxlib/crypto/nrf_oberon/lib/cortex-m33/hard-float/liboberon_3.0.15.a
START GROUP
LOAD c:/ncs/toolchains/b620d30767/opt/zephyr-sdk/arm-zephyr-eabi/bin/../lib/gcc/arm-zephyr-eabi/12.2.0/thumb/v8-m.main+fp/hard\libgcc.a
LOAD c:/ncs/toolchains/b620d30767/opt/zephyr-sdk/arm-zephyr-eabi/bin/../lib/gcc/arm-zephyr-eabi/12.2.0/../../../../arm-zephyr-eabi/lib/thumb/v8-m.main+fp/hard\libc_nano.a
END GROUP
START GROUP
LOAD c:/ncs/toolchains/b620d30767/opt/zephyr-sdk/arm-zephyr-eabi/bin/../lib/gcc/arm-zephyr-eabi/12.2.0/thumb/v8-m.main+fp/hard\libgcc.a
LOAD c:/ncs/toolchains/b620d30767/opt/zephyr-sdk/arm-zephyr-eabi/bin/../lib/gcc/arm-zephyr-eabi/12.2.0/../../../../arm-zephyr-eabi/lib/thumb/v8-m.main+fp/hard\libc_nano.a
LOAD c:/ncs/toolchains/b620d30767/opt/zephyr-sdk/arm-zephyr-eabi/bin/../lib/gcc/arm-zephyr-eabi/12.2.0/../../../../arm-zephyr-eabi/lib/thumb/v8-m.main+fp/hard\libnosys.a
END GROUP
START GROUP
LOAD c:/ncs/toolchains/b620d30767/opt/zephyr-sdk/arm-zephyr-eabi/bin/../lib/gcc/arm-zephyr-eabi/12.2.0/thumb/v8-m.main+fp/hard\libgcc.a
LOAD c:/ncs/toolchains/b620d30767/opt/zephyr-sdk/arm-zephyr-eabi/bin/../lib/gcc/arm-zephyr-eabi/12.2.0/../../../../arm-zephyr-eabi/lib/thumb/v8-m.main+fp/hard\libc_nano.a
LOAD c:/ncs/toolchains/b620d30767/opt/zephyr-sdk/arm-zephyr-eabi/bin/../lib/gcc/arm-zephyr-eabi/12.2.0/../../../../arm-zephyr-eabi/lib/thumb/v8-m.main+fp/hard\libnosys.a
END GROUP
LOAD c:/ncs/toolchains/b620d30767/opt/zephyr-sdk/arm-zephyr-eabi/bin/../lib/gcc/arm-zephyr-eabi/12.2.0/thumb/v8-m.main+fp/hard/crtend.o
LOAD c:/ncs/toolchains/b620d30767/opt/zephyr-sdk/arm-zephyr-eabi/bin/../lib/gcc/arm-zephyr-eabi/12.2.0/thumb/v8-m.main+fp/hard/crtn.o
                0x0000000000000800                __msp_stack_size__ = 0x800
                0x0000000000010200                Image$$PT_RO_START$$Base = ADDR (.TFM_VECTORS)

.TFM_VECTORS    0x0000000000010200      0x144
                0x0000000000010200                __vectors_start__ = .
 *(.vectors)
 .vectors       0x0000000000010200      0x144 secure_fw/CMakeFiles/tfm_s.dir/__/platform/ext/target/nordic_nrf/common/core/startup_nrf91.o
                0x0000000000010200                __Vectors
                0x0000000000010344                . = ALIGN (0x4)
                0x0000000000010344                __vectors_end__ = .
                0x0000000000000001                ASSERT ((__vectors_start__ != __vectors_end__), .vectors should not be empty)
                0x0000000000000001                ASSERT ((. <= (ADDR (.TFM_VECTORS) + 0x144)), .TFM_VECTORS section size overflow.)
                0x0000000000010344                . = (ADDR (.TFM_VECTORS) + 0x144)

.TFM_SP_LOAD_LIST
                0x0000000000010344       0xd4
 *(.part_load_priority_00)
 .part_load_priority_00
                0x0000000000010344       0x38 secure_fw/CMakeFiles/tfm_s.dir/partitions/ns_agent_tz/load_info_ns_agent_tz.o
                0x0000000000010344                tfm_sp_ns_agent_tz_load
 *(.part_load_priority_01)
 *(.part_load_priority_02)
 .part_load_priority_02
                0x000000000001037c       0x50 secure_fw/CMakeFiles/tfm_s.dir/__/generated/secure_fw/partitions/crypto/auto_generated/load_info_tfm_crypto.o
                0x000000000001037c                tfm_sp_crypto_load
 .part_load_priority_02
                0x00000000000103cc       0x4c secure_fw/CMakeFiles/tfm_s.dir/__/generated/secure_fw/partitions/platform/auto_generated/load_info_tfm_platform.o
                0x00000000000103cc                tfm_sp_platform_load
 *(.part_load_priority_03)
                0x0000000000010344                Image$$TFM_SP_LOAD_LIST$$RO$$Base = ADDR (.TFM_SP_LOAD_LIST)
                0x0000000000010418                Image$$TFM_SP_LOAD_LIST$$RO$$Limit = (ADDR (.TFM_SP_LOAD_LIST) + SIZEOF (.TFM_SP_LOAD_LIST))
                0x0000000000010420                . = ALIGN (0x20)
                0x0000000000010420                Image$$TFM_PSA_CODE_START$$Base = .

.TFM_PSA_ROT_LINKER
                0x0000000000010420      0x420
 *tfm_psa_rot_partition*:(SORT_BY_ALIGNMENT(.text*))
 .text.tfm_crypto_clear_scratch
                0x0000000000010420       0x20 secure_fw/partitions/crypto/libtfm_psa_rot_partition_crypto.a(crypto_init.o)
 .text.tfm_crypto_api_dispatcher
                0x0000000000010440       0xb0 secure_fw/partitions/crypto/libtfm_psa_rot_partition_crypto.a(crypto_init.o)
                0x0000000000010440                tfm_crypto_api_dispatcher
 .text.tfm_crypto_sfn
                0x00000000000104f0      0x17c secure_fw/partitions/crypto/libtfm_psa_rot_partition_crypto.a(crypto_init.o)
                0x00000000000104f0                tfm_crypto_sfn
 .text.tfm_crypto_init_alloc
                0x000000000001066c       0x14 secure_fw/partitions/crypto/libtfm_psa_rot_partition_crypto.a(crypto_alloc.o)
                0x000000000001066c                tfm_crypto_init_alloc
 .text.tfm_crypto_library_get_info
                0x0000000000010680       0x1c secure_fw/partitions/crypto/libtfm_psa_rot_partition_crypto.a(crypto_library.o)
                0x0000000000010680                tfm_crypto_library_get_info
 .text.tfm_crypto_core_library_init
                0x000000000001069c       0x14 secure_fw/partitions/crypto/libtfm_psa_rot_partition_crypto.a(crypto_library.o)
                0x000000000001069c                tfm_crypto_core_library_init
 .text.tfm_crypto_init
                0x00000000000106b0       0x1c secure_fw/partitions/crypto/libtfm_psa_rot_partition_crypto.a(crypto_init.o)
                0x00000000000106b0                tfm_crypto_init
 .text.tfm_crypto_cipher_interface
                0x00000000000106cc        0x6 secure_fw/partitions/crypto/libtfm_psa_rot_partition_crypto.a(crypto_cipher.o)
                0x00000000000106cc                tfm_crypto_cipher_interface
 .text.tfm_crypto_hash_interface
                0x00000000000106d2        0x6 secure_fw/partitions/crypto/libtfm_psa_rot_partition_crypto.a(crypto_hash.o)
                0x00000000000106d2                tfm_crypto_hash_interface
 .text.tfm_crypto_mac_interface
                0x00000000000106d8        0x6 secure_fw/partitions/crypto/libtfm_psa_rot_partition_crypto.a(crypto_mac.o)
                0x00000000000106d8                tfm_crypto_mac_interface
 .text.tfm_crypto_aead_interface
                0x00000000000106de        0x6 secure_fw/partitions/crypto/libtfm_psa_rot_partition_crypto.a(crypto_aead.o)
                0x00000000000106de                tfm_crypto_aead_interface
 .text.tfm_crypto_asymmetric_sign_interface
                0x00000000000106e4        0x6 secure_fw/partitions/crypto/libtfm_psa_rot_partition_crypto.a(crypto_asymmetric.o)
                0x00000000000106e4                tfm_crypto_asymmetric_sign_interface
 .text.tfm_crypto_asymmetric_encrypt_interface
                0x00000000000106ea        0x6 secure_fw/partitions/crypto/libtfm_psa_rot_partition_crypto.a(crypto_asymmetric.o)
                0x00000000000106ea                tfm_crypto_asymmetric_encrypt_interface
 .text.tfm_crypto_key_derivation_interface
                0x00000000000106f0        0x6 secure_fw/partitions/crypto/libtfm_psa_rot_partition_crypto.a(crypto_key_derivation.o)
                0x00000000000106f0                tfm_crypto_key_derivation_interface
 .text.tfm_crypto_key_management_interface
                0x00000000000106f6        0x6 secure_fw/partitions/crypto/libtfm_psa_rot_partition_crypto.a(crypto_key_management.o)
                0x00000000000106f6                tfm_crypto_key_management_interface
 .text.tfm_crypto_random_interface
                0x00000000000106fc        0x8 secure_fw/partitions/crypto/libtfm_psa_rot_partition_crypto.a(crypto_rng.o)
                0x00000000000106fc                tfm_crypto_random_interface
 .text.tfm_crypto_pake_interface
                0x0000000000010704        0x6 secure_fw/partitions/crypto/libtfm_psa_rot_partition_crypto.a(crypto_pake.o)
                0x0000000000010704                tfm_crypto_pake_interface
 .text.tfm_platform_service_sfn
                0x000000000001070a      0x114 secure_fw/partitions/platform/libtfm_psa_rot_partition_platform.a(platform_sp.o)
                0x000000000001070a                tfm_platform_service_sfn
 .text.platform_sp_init
                0x000000000001081e        0x4 secure_fw/partitions/platform/libtfm_psa_rot_partition_platform.a(platform_sp.o)
                0x000000000001081e                platform_sp_init
 *tfm_psa_rot_partition*:(SORT_BY_ALIGNMENT(.rodata*))
 .rodata.tfm_crypto_library_get_info.str1.1
                0x0000000000010822        0xf secure_fw/partitions/crypto/libtfm_psa_rot_partition_crypto.a(crypto_library.o)
 *(TFM_*_PSA-ROT_ATTR_FN)
                0x0000000000010840                . = ALIGN (0x20)
 *fill*         0x0000000000010831        0xf 
                0x0000000000010420                Image$$TFM_PSA_ROT_LINKER$$RO$$Base = ADDR (.TFM_PSA_ROT_LINKER)
                0x0000000000010840                Image$$TFM_PSA_ROT_LINKER$$RO$$Limit = (ADDR (.TFM_PSA_ROT_LINKER) + SIZEOF (.TFM_PSA_ROT_LINKER))
                0x0000000000010420                Image$$TFM_PSA_ROT_LINKER$$Base = ADDR (.TFM_PSA_ROT_LINKER)
                0x0000000000010840                Image$$TFM_PSA_ROT_LINKER$$Limit = (ADDR (.TFM_PSA_ROT_LINKER) + SIZEOF (.TFM_PSA_ROT_LINKER))
                0x0000000000010840                Image$$TFM_PSA_CODE_END$$Base = .
                0x0000000000010840                Image$$TFM_APP_CODE_START$$Base = .

.TFM_APP_ROT_LINKER
                0x0000000000010840        0x0
 *tfm_app_rot_partition*:(SORT_BY_ALIGNMENT(.text*))
 *tfm_app_rot_partition*:(SORT_BY_ALIGNMENT(.rodata*))
 *(TFM_*_APP-ROT_ATTR_FN)
                0x0000000000010840                . = ALIGN (0x20)
                0x0000000000010840                Image$$TFM_APP_ROT_LINKER$$RO$$Base = ADDR (.TFM_APP_ROT_LINKER)
                0x0000000000010840                Image$$TFM_APP_ROT_LINKER$$RO$$Limit = (ADDR (.TFM_APP_ROT_LINKER) + SIZEOF (.TFM_APP_ROT_LINKER))
                0x0000000000010840                Image$$TFM_APP_ROT_LINKER$$Base = ADDR (.TFM_APP_ROT_LINKER)
                0x0000000000010840                Image$$TFM_APP_ROT_LINKER$$Limit = (ADDR (.TFM_APP_ROT_LINKER) + SIZEOF (.TFM_APP_ROT_LINKER))
                0x0000000000010840                Image$$TFM_APP_CODE_END$$Base = .

.ARM.extab
 *(.ARM.extab* .gnu.linkonce.armextab.*)
                0x0000000000010840                __exidx_start = .

.ARM.exidx      0x0000000000010840        0x8
 *(.ARM.exidx* .gnu.linkonce.armexidx.*)
 .ARM.exidx     0x0000000000010840        0x8 c:/ncs/toolchains/b620d30767/opt/zephyr-sdk/arm-zephyr-eabi/bin/../lib/gcc/arm-zephyr-eabi/12.2.0/../../../../arm-zephyr-eabi/lib/thumb/v8-m.main+fp/hard/crt0.o
                                         0x10 (size before relaxing)
                0x0000000000010848                __exidx_end = .

.ER_TFM_CODE    0x0000000000010848     0x32d7
                0x0000000000010848                . = ALIGN (0x4)
                0x0000000000010848                PROVIDE (__preinit_array_start = .)
 *(.preinit_array)
                0x0000000000010848                PROVIDE (__preinit_array_end = .)
                0x0000000000010848                . = ALIGN (0x4)
                0x0000000000010848                PROVIDE (__init_array_start = .)
 *(SORT_BY_NAME(.init_array.*))
 *(.init_array)
 .init_array    0x0000000000010848        0x4 c:/ncs/toolchains/b620d30767/opt/zephyr-sdk/arm-zephyr-eabi/bin/../lib/gcc/arm-zephyr-eabi/12.2.0/thumb/v8-m.main+fp/hard/crtbegin.o
                0x000000000001084c                PROVIDE (__init_array_end = .)
                0x000000000001084c                . = ALIGN (0x4)
                [!provide]                        PROVIDE (__fini_array_start = .)
 *(SORT_BY_NAME(.fini_array.*))
 *(.fini_array)
 .fini_array    0x000000000001084c        0x4 c:/ncs/toolchains/b620d30767/opt/zephyr-sdk/arm-zephyr-eabi/bin/../lib/gcc/arm-zephyr-eabi/12.2.0/thumb/v8-m.main+fp/hard/crtbegin.o
                [!provide]                        PROVIDE (__fini_array_end = .)
                0x0000000000010850                . = ALIGN (0x4)
                0x0000000000010850                __copy_table_start__ = .
                0x0000000000010850        0x4 LONG 0x17c40 LOADADDR (.TFM_DATA)
                0x0000000000010854        0x4 LONG 0x20001080 ADDR (.TFM_DATA)
                0x0000000000010858        0x4 LONG 0x47 (SIZEOF (.TFM_DATA) / 0x4)
                0x000000000001085c        0x4 LONG 0x17c40 LOADADDR (.TFM_PSA_ROT_LINKER_DATA)
                0x0000000000010860        0x4 LONG 0x20000c20 ADDR (.TFM_PSA_ROT_LINKER_DATA)
                0x0000000000010864        0x4 LONG 0x0 (SIZEOF (.TFM_PSA_ROT_LINKER_DATA) / 0x4)
                0x0000000000010868        0x4 LONG 0x17c40 LOADADDR (.TFM_APP_ROT_LINKER_DATA)
                0x000000000001086c        0x4 LONG 0x20000c00 ADDR (.TFM_APP_ROT_LINKER_DATA)
                0x0000000000010870        0x4 LONG 0x0 (SIZEOF (.TFM_APP_ROT_LINKER_DATA) / 0x4)
                0x0000000000010874                __copy_table_end__ = .
                0x0000000000010874                . = ALIGN (0x4)
                0x0000000000010874                __zero_table_start__ = .
                0x0000000000010874        0x4 LONG 0x2000119c ADDR (.TFM_BSS)
                0x0000000000010878        0x4 LONG 0x5c2 (SIZEOF (.TFM_BSS) / 0x4)
                0x000000000001087c        0x4 LONG 0x20000c20 ADDR (.TFM_PSA_ROT_LINKER_BSS)
                0x0000000000010880        0x4 LONG 0x118 (SIZEOF (.TFM_PSA_ROT_LINKER_BSS) / 0x4)
                0x0000000000010884        0x4 LONG 0x20000c00 ADDR (.TFM_APP_ROT_LINKER_BSS)
                0x0000000000010888        0x4 LONG 0x8 (SIZEOF (.TFM_APP_ROT_LINKER_BSS) / 0x4)
                0x000000000001088c                __zero_table_end__ = .
 *startup*(.text*)
 .text.default_irq_handler
                0x000000000001088c        0x4 secure_fw/CMakeFiles/tfm_s.dir/__/platform/ext/target/nordic_nrf/common/core/startup.o
                0x000000000001088c                default_irq_handler
 .text.Reset_Handler
                0x0000000000010890       0xd4 secure_fw/CMakeFiles/tfm_s.dir/__/platform/ext/target/nordic_nrf/common/core/startup.o
                0x0000000000010890                Reset_Handler
 .text.default_tfm_IRQHandler
                0x0000000000010964       0x1c secure_fw/CMakeFiles/tfm_s.dir/__/platform/ext/target/nordic_nrf/common/core/startup_nrf91.o
                0x0000000000010964                TIMER2_IRQHandler
                0x0000000000010964                DebugMon_Handler
                0x0000000000010964                RTC0_IRQHandler
                0x0000000000010964                SysTick_Handler
                0x0000000000010964                PWM1_IRQHandler
                0x0000000000010964                PendSV_Handler
                0x0000000000010964                NMI_Handler
                0x0000000000010964                PDM_IRQHandler
                0x0000000000010964                default_tfm_IRQHandler
                0x0000000000010964                IPC_IRQHandler
                0x0000000000010964                PWM3_IRQHandler
                0x0000000000010964                FPU_IRQHandler
                0x0000000000010964                EGU3_IRQHandler
                0x0000000000010964                KMU_IRQHandler
                0x0000000000010964                CRYPTOCELL_IRQHandler
                0x0000000000010964                I2S_IRQHandler
                0x0000000000010964                EGU2_IRQHandler
                0x0000000000010964                TIMER0_IRQHandler
                0x0000000000010964                EGU4_IRQHandler
                0x0000000000010964                EGU0_IRQHandler
                0x0000000000010964                GPIOTE1_IRQHandler
                0x0000000000010964                TIMER1_IRQHandler
                0x0000000000010964                PWM2_IRQHandler
                0x0000000000010964                EGU1_IRQHandler
                0x0000000000010964                EGU5_IRQHandler
                0x0000000000010964                UARTE3_SPIM3_SPIS3_TWIM3_TWIS3_IRQHandler
                0x0000000000010964                SAADC_IRQHandler
                0x0000000000010964                GPIOTE0_IRQHandler
                0x0000000000010964                WDT_IRQHandler
                0x0000000000010964                SPIM0_SPIS0_TWIM0_TWIS0_UARTE0_IRQHandler
                0x0000000000010964                SPIM2_SPIS2_TWIM2_TWIS2_UARTE2_IRQHandler
                0x0000000000010964                PWM0_IRQHandler
                0x0000000000010964                RTC1_IRQHandler
                0x0000000000010964                SPIM1_SPIS1_TWIM1_TWIS1_UARTE1_IRQHandler
                0x0000000000010964                CLOCK_POWER_IRQHandler
 *libplatform_s*:(SORT_BY_ALIGNMENT(.text*))
 .text.hw_init_reset_on_boot
                0x0000000000010980       0xd0 platform/libplatform_s.a(hw_init.o)
                0x0000000000010980                hw_init_reset_on_boot
 .text.uicr_HFXOCNT_erased
                0x0000000000010a50       0x40 platform/libplatform_s.a(system_nrf91.o)
 .text.uicr_HFXOSRC_erased
                0x0000000000010a90       0x3c platform/libplatform_s.a(system_nrf91.o)
 .text.SystemInit
                0x0000000000010acc      0x190 platform/libplatform_s.a(system_nrf91.o)
                0x0000000000010acc                SystemInit
 .text.tfm_exception_info_get_context
                0x0000000000010c5c        0xc platform/libplatform_s.a(exception_info.o)
                0x0000000000010c5c                tfm_exception_info_get_context
 .text.store_and_dump_context
                0x0000000000010c68      0x118 platform/libplatform_s.a(exception_info.o)
                0x0000000000010c68                store_and_dump_context
 .text.stdio_output_string
                0x0000000000010d80       0x40 platform/libplatform_s.a(uart_stdout.o)
                0x0000000000010d80                stdio_output_string
 .text.stdio_init
                0x0000000000010dc0       0x30 platform/libplatform_s.a(uart_stdout.o)
                0x0000000000010dc0                stdio_init
 .text.ARM_USART_GetVersion
                0x0000000000010df0       0x20 platform/libplatform_s.a(Driver_USART.o)
 .text.ARM_USART1_GetTxCount
                0x0000000000010e10        0xc platform/libplatform_s.a(Driver_USART.o)
 .text.ARM_USART1_GetRxCount
                0x0000000000010e1c        0xc platform/libplatform_s.a(Driver_USART.o)
 .text.ARM_USART1_Uninitialize
                0x0000000000010e28       0x18 platform/libplatform_s.a(Driver_USART.o)
 .text.ARM_USART1_Receive
                0x0000000000010e40       0x3c platform/libplatform_s.a(Driver_USART.o)
 .text.ARM_USARTx_Send.constprop.0
                0x0000000000010e7c       0x78 platform/libplatform_s.a(Driver_USART.o)
 .text.ARM_USART1_Control
                0x0000000000010ef4      0x178 platform/libplatform_s.a(Driver_USART.o)
 .text.ARM_USART1_Initialize
                0x000000000001106c       0x6c platform/libplatform_s.a(Driver_USART.o)
 .text.on_rx_disabled
                0x00000000000110d8       0x64 platform/libplatform_s.a(nrfx_uarte.o)
 .text.nrf_gpio_cfg_input.constprop.0
                0x000000000001113c       0x30 platform/libplatform_s.a(nrfx_uarte.o)
 .text.blocking_tx
                0x000000000001116c      0x1b8 platform/libplatform_s.a(nrfx_uarte.o)
 .text.nrf_gpio_pin_set
                0x0000000000011324       0x18 platform/libplatform_s.a(nrfx_uarte.o)
 .text.nrf_gpio_cfg_output
                0x000000000001133c       0x34 platform/libplatform_s.a(nrfx_uarte.o)
 .text.uarte_configure
                0x0000000000011370      0x178 platform/libplatform_s.a(nrfx_uarte.o)
 .text.nrf_gpio_cfg_default
                0x00000000000114e8       0x34 platform/libplatform_s.a(nrfx_uarte.o)
 .text.nrfx_uarte_init
                0x000000000001151c      0x16c platform/libplatform_s.a(nrfx_uarte.o)
                0x000000000001151c                nrfx_uarte_init
 .text.nrfx_uarte_tx
                0x0000000000011688       0xd8 platform/libplatform_s.a(nrfx_uarte.o)
                0x0000000000011688                nrfx_uarte_tx
 .text.nrfx_uarte_tx_abort
                0x0000000000011760       0xb8 platform/libplatform_s.a(nrfx_uarte.o)
                0x0000000000011760                nrfx_uarte_tx_abort
 .text.nrfx_uarte_rx_enable
                0x0000000000011818      0x14c platform/libplatform_s.a(nrfx_uarte.o)
                0x0000000000011818                nrfx_uarte_rx_enable
 .text.nrfx_uarte_rx_buffer_set
                0x0000000000011964      0x190 platform/libplatform_s.a(nrfx_uarte.o)
                0x0000000000011964                nrfx_uarte_rx_buffer_set
 .text.nrfx_uarte_rx_abort
                0x0000000000011af4      0x150 platform/libplatform_s.a(nrfx_uarte.o)
                0x0000000000011af4                nrfx_uarte_rx_abort
 .text.nrfx_uarte_uninit
                0x0000000000011c44       0xd0 platform/libplatform_s.a(nrfx_uarte.o)
                0x0000000000011c44                nrfx_uarte_uninit
 .text.nrfx_uarte_rx_ready
                0x0000000000011d14       0x54 platform/libplatform_s.a(nrfx_uarte.o)
                0x0000000000011d14                nrfx_uarte_rx_ready
 .text.nrfx_uarte_rx
                0x0000000000011d68       0x84 platform/libplatform_s.a(nrfx_uarte.o)
                0x0000000000011d68                nrfx_uarte_rx
 .text.nrfx_critical_section_enter
                0x0000000000011dec       0x10 platform/libplatform_s.a(nrfx_glue.o)
                0x0000000000011dec                nrfx_critical_section_enter
 .text.nrfx_critical_section_exit
                0x0000000000011dfc       0x14 platform/libplatform_s.a(nrfx_glue.o)
                0x0000000000011dfc                nrfx_critical_section_exit
 .text.mpu_armv8m_enable
                0x0000000000011e10       0x34 platform/libplatform_s.a(mpu_armv8m_drv.o)
                0x0000000000011e10                mpu_armv8m_enable
 .text.spu_enable_interrupts
                0x0000000000011e44       0x10 platform/libplatform_s.a(spu.o)
                0x0000000000011e44                spu_enable_interrupts
 .text.spu_events_get
                0x0000000000011e54       0x28 platform/libplatform_s.a(spu.o)
                0x0000000000011e54                spu_events_get
 .text.spu_clear_events
                0x0000000000011e7c       0x24 platform/libplatform_s.a(spu.o)
                0x0000000000011e7c                spu_clear_events
 .text.spu_regions_reset_unlocked_secure
                0x0000000000011ea0       0x3c platform/libplatform_s.a(spu.o)
                0x0000000000011ea0                spu_regions_reset_unlocked_secure
 .text.spu_regions_flash_config
                0x0000000000011edc       0x2c platform/libplatform_s.a(spu.o)
                0x0000000000011edc                spu_regions_flash_config
 .text.spu_regions_sram_config
                0x0000000000011f08       0x34 platform/libplatform_s.a(spu.o)
                0x0000000000011f08                spu_regions_sram_config
 .text.spu_regions_flash_config_non_secure_callable
                0x0000000000011f3c       0x30 platform/libplatform_s.a(spu.o)
                0x0000000000011f3c                spu_regions_flash_config_non_secure_callable
 .text.spu_regions_sram_get_last_address_in_region
                0x0000000000011f6c        0xc platform/libplatform_s.a(spu.o)
                0x0000000000011f6c                spu_regions_sram_get_last_address_in_region
 .text.spu_peripheral_config_secure
                0x0000000000011f78       0x1c platform/libplatform_s.a(spu.o)
                0x0000000000011f78                spu_peripheral_config_secure
 .text.spu_peripheral_config_non_secure
                0x0000000000011f94       0x18 platform/libplatform_s.a(spu.o)
                0x0000000000011f94                spu_peripheral_config_non_secure
 .text.nrf_exception_info_store_context
                0x0000000000011fac       0x20 platform/libplatform_s.a(nrf_exception_info.o)
                0x0000000000011fac                nrf_exception_info_store_context
 .text.nrf_exception_info_get_context
                0x0000000000011fcc        0xc platform/libplatform_s.a(nrf_exception_info.o)
                0x0000000000011fcc                nrf_exception_info_get_context
 .text.tfm_hal_platform_init
                0x0000000000011fd8       0x44 platform/libplatform_s.a(tfm_hal_platform.o)
                0x0000000000011fd8                tfm_hal_platform_init
 .text.tfm_hal_system_reset
                0x000000000001201c       0x28 platform/libplatform_s.a(tfm_hal_reset_halt.o)
                0x000000000001201c                tfm_hal_system_reset
 .text.ns_fault_service_set_handler
                0x0000000000012044       0x14 platform/libplatform_s.a(ns_fault_service.o)
                0x0000000000012044                ns_fault_service_set_handler
 .text.call_ns_callback
                0x0000000000012058       0xe8 platform/libplatform_s.a(ns_fault_service.o)
                0x0000000000012058                call_ns_callback
 .text.ns_fault_service_call_handler
                0x0000000000012140       0x34 platform/libplatform_s.a(ns_fault_service.o)
                0x0000000000012140                ns_fault_service_call_handler
 .text.tfm_platform_hal_system_reset
                0x0000000000012174       0x24 platform/libplatform_s.a(tfm_platform_system.o)
                0x0000000000012174                tfm_platform_hal_system_reset
 .text.tfm_platform_hal_ioctl
                0x0000000000012198      0x110 platform/libplatform_s.a(tfm_platform_system.o)
                0x0000000000012198                tfm_platform_hal_ioctl
 .text.tfm_platform_hal_read_service
                0x00000000000122a8       0xbc platform/libplatform_s.a(tfm_platform_hal_ioctl.o)
                0x00000000000122a8                tfm_platform_hal_read_service
 .text.nrf91_errata_6
                0x0000000000012364       0x1e platform/libplatform_s.a(system_nrf91.o)
 .text.nrf91_errata_14
                0x0000000000012382       0x24 platform/libplatform_s.a(system_nrf91.o)
 .text.tfm_hal_output_spm_log
                0x00000000000123a6        0x4 platform/libplatform_s.a(tfm_hal_spm_logdev_peripheral.o)
                0x00000000000123a6                tfm_hal_output_spm_log
 .text.ARM_USART_GetCapabilities
                0x00000000000123aa        0x4 platform/libplatform_s.a(Driver_USART.o)
 .text.ARM_USART_Transfer
                0x00000000000123ae        0x6 platform/libplatform_s.a(Driver_USART.o)
 .text.ARM_USART_GetStatus
                0x00000000000123b4        0xc platform/libplatform_s.a(Driver_USART.o)
 .text.ARM_USART_SetModemControl
                0x00000000000123c0        0x6 platform/libplatform_s.a(Driver_USART.o)
 .text.ARM_USART_GetModemStatus
                0x00000000000123c6        0xc platform/libplatform_s.a(Driver_USART.o)
 .text.ARM_USART1_PowerControl
                0x00000000000123d2        0xc platform/libplatform_s.a(Driver_USART.o)
 .text.ARM_USART1_Send
                0x00000000000123de        0x4 platform/libplatform_s.a(Driver_USART.o)
 .text.uart_config_set_uart_pins
                0x00000000000123e2       0x3c platform/libplatform_s.a(Driver_USART.o)
                0x00000000000123e2                uart_config_set_uart_pins
 .text.is_tx_ready
                0x000000000001241e       0x1a platform/libplatform_s.a(nrfx_uarte.o)
 .text.user_handler
                0x0000000000012438       0x22 platform/libplatform_s.a(nrfx_uarte.o)
 .text.user_handler_on_rx_done
                0x000000000001245a       0x28 platform/libplatform_s.a(nrfx_uarte.o)
 .text.disable_hw_from_rx
                0x0000000000012482       0x24 platform/libplatform_s.a(nrfx_uarte.o)
 .text.disable_hw_from_tx
                0x00000000000124a6       0x16 platform/libplatform_s.a(nrfx_uarte.o)
 .text.tx_prepare_start.isra.0
                0x00000000000124bc       0x7e platform/libplatform_s.a(nrfx_uarte.o)
 .text.mpu_armv8m_region_enable
                0x000000000001253a       0x6a platform/libplatform_s.a(mpu_armv8m_drv.o)
                0x000000000001253a                mpu_armv8m_region_enable
 .text.mpu_armv8m_region_disable
                0x00000000000125a4       0x14 platform/libplatform_s.a(mpu_armv8m_drv.o)
                0x00000000000125a4                mpu_armv8m_region_disable
 .text.mpu_armv8m_clean
                0x00000000000125b8       0x22 platform/libplatform_s.a(mpu_armv8m_drv.o)
                0x00000000000125b8                mpu_armv8m_clean
 .text.spu_regions_flash_get_base_address_in_region
                0x00000000000125da        0x4 platform/libplatform_s.a(spu.o)
                0x00000000000125da                spu_regions_flash_get_base_address_in_region
 .text.spu_regions_flash_get_last_address_in_region
                0x00000000000125de        0xa platform/libplatform_s.a(spu.o)
                0x00000000000125de                spu_regions_flash_get_last_address_in_region
 .text.spu_regions_flash_get_start_id
                0x00000000000125e8        0x4 platform/libplatform_s.a(spu.o)
                0x00000000000125e8                spu_regions_flash_get_start_id
 .text.spu_regions_flash_get_last_id
                0x00000000000125ec        0x4 platform/libplatform_s.a(spu.o)
                0x00000000000125ec                spu_regions_flash_get_last_id
 .text.spu_regions_flash_get_region_size
                0x00000000000125f0        0x6 platform/libplatform_s.a(spu.o)
                0x00000000000125f0                spu_regions_flash_get_region_size
 .text.spu_regions_sram_get_base_address_in_region
                0x00000000000125f6        0xa platform/libplatform_s.a(spu.o)
                0x00000000000125f6                spu_regions_sram_get_base_address_in_region
 .text.spu_regions_sram_get_start_id
                0x0000000000012600        0x4 platform/libplatform_s.a(spu.o)
                0x0000000000012600                spu_regions_sram_get_start_id
 .text.spu_regions_sram_get_last_id
                0x0000000000012604        0x4 platform/libplatform_s.a(spu.o)
                0x0000000000012604                spu_regions_sram_get_last_id
 .text.spu_regions_sram_get_region_size
                0x0000000000012608        0x6 platform/libplatform_s.a(spu.o)
                0x0000000000012608                spu_regions_sram_get_region_size
 .text.tfm_plat_otp_init
                0x000000000001260e        0x4 platform/libplatform_s.a(dummy_otp.o)
                0x000000000001260e                tfm_plat_otp_init
 .text.tfm_plat_provisioning_is_required
                0x0000000000012612        0x4 platform/libplatform_s.a(dummy_provisioning.o)
                0x0000000000012612                tfm_plat_provisioning_is_required
 .text.tfm_plat_provisioning_perform
                0x0000000000012616        0x4 platform/libplatform_s.a(dummy_provisioning.o)
                0x0000000000012616                tfm_plat_provisioning_perform
 .text.tfm_plat_provisioning_check_for_dummy_keys
                0x000000000001261a        0x2 platform/libplatform_s.a(dummy_provisioning.o)
                0x000000000001261a                tfm_plat_provisioning_check_for_dummy_keys
 .text.tfm_platform_hal_write32_service
                0x000000000001261c       0x2c platform/libplatform_s.a(tfm_platform_hal_ioctl.o)
                0x000000000001261c                tfm_platform_hal_write32_service
 *libtfm_spm*:(SORT_BY_ALIGNMENT(.text*))
 .text.spm_log_msgval
                0x0000000000012648       0x58 secure_fw/spm/libtfm_spm.a(spm_log.o)
                0x0000000000012648                spm_log_msgval
 .text.startup.main
                0x00000000000126a0       0x80 secure_fw/spm/libtfm_spm.a(main.o)
                0x00000000000126a0                main
 .text.tfm_spm_get_service_by_sid
                0x0000000000012720       0x2c secure_fw/spm/libtfm_spm.a(spm_ipc.o)
                0x0000000000012720                tfm_spm_get_service_by_sid
 .text.tfm_spm_check_authorization
                0x000000000001274c       0x44 secure_fw/spm/libtfm_spm.a(spm_ipc.o)
                0x000000000001274c                tfm_spm_check_authorization
 .text.spm_init_idle_connection
                0x0000000000012790       0x30 secure_fw/spm/libtfm_spm.a(spm_ipc.o)
                0x0000000000012790                spm_init_idle_connection
 .text.tfm_spm_partition_get_running_partition_id
                0x00000000000127c0       0x14 secure_fw/spm/libtfm_spm.a(spm_ipc.o)
                0x00000000000127c0                tfm_spm_partition_get_running_partition_id
 .text.tfm_spm_is_ns_caller
                0x00000000000127d4       0x20 secure_fw/spm/libtfm_spm.a(spm_ipc.o)
                0x00000000000127d4                tfm_spm_is_ns_caller
 .text.spm_get_idle_connection
                0x00000000000127f4       0x78 secure_fw/spm/libtfm_spm.a(spm_ipc.o)
                0x00000000000127f4                spm_get_idle_connection
 .text.tfm_spm_init
                0x000000000001286c       0x64 secure_fw/spm/libtfm_spm.a(spm_ipc.o)
                0x000000000001286c                tfm_spm_init
 .text.load_a_partition_assuredly
                0x00000000000128d0      0x10c secure_fw/spm/libtfm_spm.a(rom_loader.o)
                0x00000000000128d0                load_a_partition_assuredly
 .text.load_services_assuredly
                0x00000000000129dc       0xb4 secure_fw/spm/libtfm_spm.a(rom_loader.o)
                0x00000000000129dc                load_services_assuredly
 .text.spm_associate_call_params
                0x0000000000012a90      0x188 secure_fw/spm/libtfm_spm.a(psa_call_api.o)
                0x0000000000012a90                spm_associate_call_params
 .text.tfm_spm_partition_psa_read
                0x0000000000012c18       0x74 secure_fw/spm/libtfm_spm.a(psa_read_write_skip_api.o)
                0x0000000000012c18                tfm_spm_partition_psa_read
 .text.tfm_spm_partition_psa_write
                0x0000000000012c8c       0x74 secure_fw/spm/libtfm_spm.a(psa_read_write_skip_api.o)
                0x0000000000012c8c                tfm_spm_partition_psa_write
 .text.spm_init_function
                0x0000000000012d00       0x4c secure_fw/spm/libtfm_spm.a(backend_sfn.o)
 .text.backend_messaging
                0x0000000000012d4c       0x50 secure_fw/spm/libtfm_spm.a(backend_sfn.o)
                0x0000000000012d4c                backend_messaging
 .text.backend_replying
                0x0000000000012d9c       0x10 secure_fw/spm/libtfm_spm.a(backend_sfn.o)
                0x0000000000012d9c                backend_replying
 .text.backend_init_comp_assuredly
                0x0000000000012dac       0x2c secure_fw/spm/libtfm_spm.a(backend_sfn.o)
                0x0000000000012dac                backend_init_comp_assuredly
 .text.backend_system_run
                0x0000000000012dd8       0x5c secure_fw/spm/libtfm_spm.a(backend_sfn.o)
                0x0000000000012dd8                backend_system_run
 .text.tz_ns_agent_register_client_id_range
                0x0000000000012e34        0xc secure_fw/spm/libtfm_spm.a(tfm_spm_ns_ctx.o)
                0x0000000000012e34                tz_ns_agent_register_client_id_range
 .text.tfm_nspm_get_current_client_id
                0x0000000000012e40       0x14 secure_fw/spm/libtfm_spm.a(tfm_spm_ns_ctx.o)
                0x0000000000012e40                tfm_nspm_get_current_client_id
 .text.tfm_nspm_ctx_init
                0x0000000000012e54       0x18 secure_fw/spm/libtfm_spm.a(tfm_spm_ns_ctx.o)
                0x0000000000012e54                tfm_nspm_ctx_init
 .text.SVC_Handler
                0x0000000000012e6c       0x68 secure_fw/spm/libtfm_spm.a(tfm_arch_v8m_main.o)
                0x0000000000012e6c                SVC_Handler
 .text.tfm_arch_set_secure_exception_priorities
                0x0000000000012ed4       0x28 secure_fw/spm/libtfm_spm.a(tfm_arch_v8m_main.o)
                0x0000000000012ed4                tfm_arch_set_secure_exception_priorities
 .text.tfm_arch_config_extensions
                0x0000000000012efc       0x4c secure_fw/spm/libtfm_spm.a(tfm_arch_v8m_main.o)
                0x0000000000012efc                tfm_arch_config_extensions
 .text.ns_agent_tz_main
                0x0000000000012f48       0x60 secure_fw/spm/libtfm_spm.a(ns_agent_tz_v80m.o)
                0x0000000000012f48                ns_agent_tz_main
 .text.tfm_hal_bind_boundary
                0x0000000000012fa8       0x78 secure_fw/spm/libtfm_spm.a(tfm_hal_isolation.o)
                0x0000000000012fa8                tfm_hal_bind_boundary
 .text.mpu_init_cfg
                0x0000000000013020       0xf0 secure_fw/spm/libtfm_spm.a(tfm_hal_isolation.o)
                0x0000000000013020                mpu_init_cfg
 .text.tfm_hal_get_ns_VTOR
                0x0000000000013110        0xc secure_fw/spm/libtfm_spm.a(tfm_hal_platform_common.o)
                0x0000000000013110                tfm_hal_get_ns_VTOR
 .text.tfm_hal_get_ns_MSP
                0x000000000001311c        0xc secure_fw/spm/libtfm_spm.a(tfm_hal_platform_common.o)
                0x000000000001311c                tfm_hal_get_ns_MSP
 .text.tfm_hal_get_ns_entry_point
                0x0000000000013128        0xc secure_fw/spm/libtfm_spm.a(tfm_hal_platform_common.o)
                0x0000000000013128                tfm_hal_get_ns_entry_point
 .text.SPU_Handler
                0x0000000000013134       0x3c secure_fw/spm/libtfm_spm.a(faults.o)
                0x0000000000013134                SPU_Handler
 .text.enable_fault_handlers
                0x0000000000013170       0x14 secure_fw/spm/libtfm_spm.a(target_cfg.o)
                0x0000000000013170                enable_fault_handlers
 .text.system_reset_cfg
                0x0000000000013184       0x18 secure_fw/spm/libtfm_spm.a(target_cfg.o)
                0x0000000000013184                system_reset_cfg
 .text.nvic_interrupt_target_state_cfg
                0x000000000001319c       0x40 secure_fw/spm/libtfm_spm.a(target_cfg.o)
                0x000000000001319c                nvic_interrupt_target_state_cfg
 .text.nvic_interrupt_enable
                0x00000000000131dc       0x18 secure_fw/spm/libtfm_spm.a(target_cfg.o)
                0x00000000000131dc                nvic_interrupt_enable
 .text.sau_and_idau_cfg
                0x00000000000131f4       0x20 secure_fw/spm/libtfm_spm.a(target_cfg.o)
                0x00000000000131f4                sau_and_idau_cfg
 .text.spu_init_cfg
                0x0000000000013214       0x94 secure_fw/spm/libtfm_spm.a(target_cfg.o)
                0x0000000000013214                spu_init_cfg
 .text.spu_periph_init_cfg
                0x00000000000132a8       0x4c secure_fw/spm/libtfm_spm.a(target_cfg.o)
                0x00000000000132a8                spu_periph_init_cfg
 .text.tfm_core_validate_boot_data
                0x00000000000132f4        0xc secure_fw/spm/libtfm_spm.a(tfm_boot_data.o)
                0x00000000000132f4                tfm_core_validate_boot_data
 .text.tfm_core_get_boot_data_handler
                0x0000000000013300       0x34 secure_fw/spm/libtfm_spm.a(tfm_boot_data.o)
                0x0000000000013300                tfm_core_get_boot_data_handler
 .text.spm_svc_handler
                0x0000000000013334       0x88 secure_fw/spm/libtfm_spm.a(tfm_svcalls.o)
                0x0000000000013334                spm_svc_handler
 .text.tfm_core_panic
                0x00000000000133bc        0x4 secure_fw/spm/libtfm_spm.a(utilities.o)
                0x00000000000133bc                tfm_core_panic
 .text.tfm_spm_check_client_version
                0x00000000000133c0       0x24 secure_fw/spm/libtfm_spm.a(spm_ipc.o)
                0x00000000000133c0                tfm_spm_check_client_version
 .text.spm_msg_handle_to_connection
                0x00000000000133e4       0x28 secure_fw/spm/libtfm_spm.a(spm_ipc.o)
                0x00000000000133e4                spm_msg_handle_to_connection
 .text.tfm_spm_get_client_id
                0x000000000001340c       0x20 secure_fw/spm/libtfm_spm.a(spm_ipc.o)
                0x000000000001340c                tfm_spm_get_client_id
 .text.update_caller_outvec_len
                0x000000000001342c       0x1e secure_fw/spm/libtfm_spm.a(spm_ipc.o)
                0x000000000001342c                update_caller_outvec_len
 .text.load_irqs_assuredly
                0x000000000001344a        0x2 secure_fw/spm/libtfm_spm.a(rom_loader.o)
                0x000000000001344a                load_irqs_assuredly
 .text.spm_handle_programmer_errors
                0x000000000001344c       0x18 secure_fw/spm/libtfm_spm.a(psa_api.o)
                0x000000000001344c                spm_handle_programmer_errors
 .text.tfm_spm_partition_psa_reply
                0x0000000000013464       0x9a secure_fw/spm/libtfm_spm.a(psa_api.o)
                0x0000000000013464                tfm_spm_partition_psa_reply
 .text.tfm_spm_partition_psa_panic
                0x00000000000134fe        0xc secure_fw/spm/libtfm_spm.a(psa_api.o)
                0x00000000000134fe                tfm_spm_partition_psa_panic
 .text.tfm_spm_client_psa_call
                0x000000000001350a       0x4e secure_fw/spm/libtfm_spm.a(psa_call_api.o)
                0x000000000001350a                tfm_spm_client_psa_call
 .text.tfm_spm_client_psa_framework_version
                0x0000000000013558        0x6 secure_fw/spm/libtfm_spm.a(psa_version_api.o)
                0x0000000000013558                tfm_spm_client_psa_framework_version
 .text.tfm_spm_client_psa_version
                0x000000000001355e       0x2c secure_fw/spm/libtfm_spm.a(psa_version_api.o)
                0x000000000001355e                tfm_spm_client_psa_version
 .text.connection_to_handle
                0x000000000001358a        0x6 secure_fw/spm/libtfm_spm.a(spm_local_connection.o)
                0x000000000001358a                connection_to_handle
 .text.handle_to_connection
                0x0000000000013590       0x12 secure_fw/spm/libtfm_spm.a(spm_local_connection.o)
                0x0000000000013590                handle_to_connection
 .text.spm_init_connection_space
                0x00000000000135a2        0x2 secure_fw/spm/libtfm_spm.a(spm_local_connection.o)
                0x00000000000135a2                spm_init_connection_space
 .text.spm_allocate_connection
                0x00000000000135a4        0xe secure_fw/spm/libtfm_spm.a(spm_local_connection.o)
                0x00000000000135a4                spm_allocate_connection
 .text.spm_validate_connection
                0x00000000000135b2        0x4 secure_fw/spm/libtfm_spm.a(spm_local_connection.o)
                0x00000000000135b2                spm_validate_connection
 .text.spm_free_connection
                0x00000000000135b6        0xc secure_fw/spm/libtfm_spm.a(spm_local_connection.o)
                0x00000000000135b6                spm_free_connection
 .text.tfm_arch_clear_fp_data
                0x00000000000135c2       0x8a secure_fw/spm/libtfm_spm.a(tfm_arch_v8m_main.o)
                0x00000000000135c2                tfm_arch_clear_fp_data
 .text.tfm_hal_memory_check
                0x000000000001364c      0x132 secure_fw/spm/libtfm_spm.a(tfm_hal_isolation.o)
                0x000000000001364c                tfm_hal_memory_check
 .text.tfm_hal_set_up_static_boundaries
                0x000000000001377e       0x2a secure_fw/spm/libtfm_spm.a(tfm_hal_isolation.o)
                0x000000000001377e                tfm_hal_set_up_static_boundaries
 .text.tfm_hal_platform_common_init
                0x00000000000137a8       0x36 secure_fw/spm/libtfm_spm.a(tfm_hal_platform_common.o)
                0x00000000000137a8                tfm_hal_platform_common_init
 .text.SPU_IRQHandler
                0x00000000000137de       0x1c secure_fw/spm/libtfm_spm.a(faults.o)
                0x00000000000137de                SPU_IRQHandler
 .text.init_debug
                0x00000000000137fa        0x4 secure_fw/spm/libtfm_spm.a(target_cfg.o)
                0x00000000000137fa                init_debug
 .text.tfm_arch_free_msp_and_exc_ret
                0x00000000000137fe        0xc secure_fw/spm/libtfm_spm.a(tfm_arch.o)
                0x00000000000137fe                tfm_arch_free_msp_and_exc_ret
 .text.arch_clean_stack_and_launch
                0x000000000001380a       0x18 secure_fw/spm/libtfm_spm.a(tfm_arch.o)
                0x000000000001380a                arch_clean_stack_and_launch
 *libplatform_s*:*(.rodata*)
 .rodata.store_and_dump_context.str1.1
                0x0000000000013822       0x8b platform/libplatform_s.a(exception_info.o)
 *fill*         0x00000000000138ad        0x3 
 .rodata.Driver_USART1
                0x00000000000138b0       0x38 platform/libplatform_s.a(Driver_USART.o)
                0x00000000000138b0                Driver_USART1
 .rodata.UART1_pins
                0x00000000000138e8       0x10 platform/libplatform_s.a(Driver_USART.o)
 .rodata.DriverVersion
                0x00000000000138f8        0x4 platform/libplatform_s.a(Driver_USART.o)
 *fill*         0x00000000000138fc        0x4 
 .rodata.delay_machine_code.0
                0x0000000000013900        0x6 platform/libplatform_s.a(nrfx_uarte.o)
 .rodata.nrf_exception_info_store_context.str1.1
                0x0000000000013906       0x16 platform/libplatform_s.a(nrf_exception_info.o)
 .rodata.tfm_hal_platform_init.str1.1
                0x000000000001391c       0x2e platform/libplatform_s.a(tfm_hal_platform.o)
 *fill*         0x000000000001394a        0x2 
 .rodata.fw_info_allowed_offsets
                0x000000000001394c       0x1c platform/libplatform_s.a(tfm_platform_system.o)
 .rodata        0x0000000000013968        0xc platform/libplatform_s.a(tfm_platform_system.o)
 .rodata.ranges
                0x0000000000013974       0x28 platform/libplatform_s.a(tfm_platform_hal_ioctl.o)
 *libtfm_spm*:*(.rodata*)
 .rodata.HEX_TABLE
                0x000000000001399c       0x10 secure_fw/spm/libtfm_spm.a(spm_log.o)
 .rodata.main.str1.1
                0x00000000000139ac       0x94 secure_fw/spm/libtfm_spm.a(main.o)
 .rodata.serv_pool_ea
                0x0000000000013a40        0x4 secure_fw/spm/libtfm_spm.a(rom_loader.o)
 .rodata.part_pool_ea
                0x0000000000013a44        0x4 secure_fw/spm/libtfm_spm.a(rom_loader.o)
 .rodata.ldinf_ea
                0x0000000000013a48        0x4 secure_fw/spm/libtfm_spm.a(rom_loader.o)
 .rodata.target_peripherals.0
                0x0000000000013a4c       0x74 secure_fw/spm/libtfm_spm.a(target_cfg.o)
 .rodata.memory_regions
                0x0000000000013ac0       0x24 secure_fw/spm/libtfm_spm.a(target_cfg.o)
                0x0000000000013ac0                memory_regions
 .rodata.spm_svc_handler.str1.1
                0x0000000000013ae4       0x3b secure_fw/spm/libtfm_spm.a(tfm_svcalls.o)

.glue_7         0x0000000000013b20        0x0
 .glue_7        0x0000000000013b20        0x0 linker stubs

.glue_7t        0x0000000000013b20        0x0
 .glue_7t       0x0000000000013b20        0x0 linker stubs

.vfp11_veneer   0x0000000000013b20        0x0
 .vfp11_veneer  0x0000000000013b20        0x0 linker stubs

.v4_bx          0x0000000000013b20        0x0
 .v4_bx         0x0000000000013b20        0x0 linker stubs

.iplt           0x0000000000013b20        0x0
 .iplt          0x0000000000013b20        0x0 c:/ncs/toolchains/b620d30767/opt/zephyr-sdk/arm-zephyr-eabi/bin/../lib/gcc/arm-zephyr-eabi/12.2.0/thumb/v8-m.main+fp/hard/crtbegin.o

.TFM_UNPRIV_CODE
                0x0000000000013b20     0x2980
 *(SORT_BY_ALIGNMENT(.text*))
 .text          0x0000000000013b20       0x88 c:/ncs/toolchains/b620d30767/opt/zephyr-sdk/arm-zephyr-eabi/bin/../lib/gcc/arm-zephyr-eabi/12.2.0/thumb/v8-m.main+fp/hard/crtbegin.o
 .text          0x0000000000013ba8       0x7c c:/ncs/toolchains/b620d30767/opt/zephyr-sdk/arm-zephyr-eabi/bin/../lib/gcc/arm-zephyr-eabi/12.2.0/../../../../arm-zephyr-eabi/lib/thumb/v8-m.main+fp/hard/crt0.o
                0x0000000000013ba8                _stack_init
                0x0000000000013bb0                _start
                0x0000000000013bb0                _mainCRTStartup
 .text.tfm_psa_framework_version_veneer
                0x0000000000013c24       0x24 secure_fw/CMakeFiles/tfm_s.dir/partitions/ns_agent_tz/psa_api_veneers_v80m.o
                0x0000000000013c24                __acle_se_tfm_psa_framework_version_veneer
 .text.tfm_psa_version_veneer
                0x0000000000013c48       0x24 secure_fw/CMakeFiles/tfm_s.dir/partitions/ns_agent_tz/psa_api_veneers_v80m.o
                0x0000000000013c48                __acle_se_tfm_psa_version_veneer
 .text.tfm_psa_call_veneer
                0x0000000000013c6c       0x2c secure_fw/CMakeFiles/tfm_s.dir/partitions/ns_agent_tz/psa_api_veneers_v80m.o
                0x0000000000013c6c                __acle_se_tfm_psa_call_veneer
 .text.tfm_psa_connect_veneer
                0x0000000000013c98       0x1c secure_fw/CMakeFiles/tfm_s.dir/partitions/ns_agent_tz/psa_api_veneers_v80m.o
                0x0000000000013c98                __acle_se_tfm_psa_connect_veneer
 .text.tfm_psa_close_veneer
                0x0000000000013cb4       0x14 secure_fw/CMakeFiles/tfm_s.dir/partitions/ns_agent_tz/psa_api_veneers_v80m.o
                0x0000000000013cb4                __acle_se_tfm_psa_close_veneer
 .text.tfm_psa_call_pack
                0x0000000000013cc8       0x54 secure_fw/partitions/lib/runtime/libtfm_sprt.a(psa_interface_sfn.o)
                0x0000000000013cc8                tfm_psa_call_pack
 .text.verify_header
                0x0000000000013d1c       0x40 secure_fw/partitions/crypto/mbedcrypto/nrf_security_src/libcrypto_service_mbedcrypto.a(memory_buffer_alloc.o)
 .text.verify_chain
                0x0000000000013d5c       0x3c secure_fw/partitions/crypto/mbedcrypto/nrf_security_src/libcrypto_service_mbedcrypto.a(memory_buffer_alloc.o)
 .text.buffer_alloc_calloc
                0x0000000000013d98       0xf4 secure_fw/partitions/crypto/mbedcrypto/nrf_security_src/libcrypto_service_mbedcrypto.a(memory_buffer_alloc.o)
 .text.buffer_alloc_free
                0x0000000000013e8c       0xe8 secure_fw/partitions/crypto/mbedcrypto/nrf_security_src/libcrypto_service_mbedcrypto.a(memory_buffer_alloc.o)
 .text.mbedtls_memory_buffer_alloc_init
                0x0000000000013f74       0x64 secure_fw/partitions/crypto/mbedcrypto/nrf_security_src/libcrypto_service_mbedcrypto.a(memory_buffer_alloc.o)
                0x0000000000013f74                mbedtls_memory_buffer_alloc_init
 .text.mbedtls_free
                0x0000000000013fd8        0xc secure_fw/partitions/crypto/mbedcrypto/nrf_security_src/core/nrf_oberon/liboberon_psa_core.a(platform.o)
                0x0000000000013fd8                mbedtls_free
 .text.mbedtls_platform_set_calloc_free
                0x0000000000013fe4       0x14 secure_fw/partitions/crypto/mbedcrypto/nrf_security_src/core/nrf_oberon/liboberon_psa_core.a(platform.o)
                0x0000000000013fe4                mbedtls_platform_set_calloc_free
 .text.mbedtls_platform_zeroize
                0x0000000000013ff8       0x18 secure_fw/partitions/crypto/mbedcrypto/nrf_security_src/core/nrf_oberon/liboberon_psa_core.a(platform_util.o)
                0x0000000000013ff8                mbedtls_platform_zeroize
 .text.mbedcrypto__psa_generate_random
                0x0000000000014010       0x24 secure_fw/partitions/crypto/mbedcrypto/nrf_security_src/core/nrf_oberon/liboberon_psa_core.a(psa_crypto.o)
                0x0000000000014010                mbedcrypto__psa_generate_random
 .text.mbedtls_psa_crypto_free
                0x0000000000014034       0x54 secure_fw/partitions/crypto/mbedcrypto/nrf_security_src/core/nrf_oberon/liboberon_psa_core.a(psa_crypto.o)
                0x0000000000014034                mbedtls_psa_crypto_free
 .text.mbedcrypto__psa_crypto_init
                0x0000000000014088       0x7c secure_fw/partitions/crypto/mbedcrypto/nrf_security_src/core/nrf_oberon/liboberon_psa_core.a(psa_crypto.o)
                0x0000000000014088                mbedcrypto__psa_crypto_init
 .text.psa_initialize_key_slots
                0x0000000000014104       0x10 secure_fw/partitions/crypto/mbedcrypto/nrf_security_src/core/nrf_oberon/liboberon_psa_core.a(psa_crypto_slot_management.o)
                0x0000000000014104                psa_initialize_key_slots
 .text.psa_wipe_all_key_slots
                0x0000000000014114       0x30 secure_fw/partitions/crypto/mbedcrypto/nrf_security_src/core/nrf_oberon/liboberon_psa_core.a(psa_crypto_slot_management.o)
                0x0000000000014114                psa_wipe_all_key_slots
 .text.nrf_cc3xx_platform_init_hmac_drbg
                0x0000000000014144       0x44 C:/ncs/v2.9.0/nrfxlib/crypto/nrf_cc310_platform/lib/cortex-m33/hard-float/no-interrupts/libnrf_cc310_platform_0.9.19.a(nrf_cc3xx_platform.c.obj)
                0x0000000000014144                nrf_cc3xx_platform_init_hmac_drbg
 .text.nrf_cc3xx_platform_hmac_drbg_init
                0x0000000000014188       0x60 C:/ncs/v2.9.0/nrfxlib/crypto/nrf_cc310_platform/lib/cortex-m33/hard-float/no-interrupts/libnrf_cc310_platform_0.9.19.a(nrf_cc3xx_platform_hmac_drbg.c.obj)
                0x0000000000014188                nrf_cc3xx_platform_hmac_drbg_init
 .text.nrf_cc3xx_platform_hmac_drbg_get
                0x00000000000141e8       0x44 C:/ncs/v2.9.0/nrfxlib/crypto/nrf_cc310_platform/lib/cortex-m33/hard-float/no-interrupts/libnrf_cc310_platform_0.9.19.a(nrf_cc3xx_platform_hmac_drbg.c.obj)
                0x00000000000141e8                nrf_cc3xx_platform_hmac_drbg_get
 .text.mbedtls_zeroize_internal
                0x000000000001422c       0x14 C:/ncs/v2.9.0/nrfxlib/crypto/nrf_cc310_platform/lib/cortex-m33/hard-float/no-interrupts/libnrf_cc310_platform_0.9.19.a(mbedtls_common.c.obj)
                0x000000000001422c                mbedtls_zeroize_internal
 .text.cc_mbedtls_platform_zeroize
                0x0000000000014240       0x14 C:/ncs/v2.9.0/nrfxlib/crypto/nrf_cc310_platform/lib/cortex-m33/hard-float/no-interrupts/libnrf_cc310_platform_0.9.19.a(mbedtls_common.c.obj)
                0x0000000000014240                cc_mbedtls_platform_zeroize
 .text.entropy_update
                0x0000000000014254       0x7c C:/ncs/v2.9.0/nrfxlib/crypto/nrf_cc310_platform/lib/cortex-m33/hard-float/no-interrupts/libnrf_cc310_platform_0.9.19.a(custom_entropy.c.obj)
 .text.entropy_gather_internal.part.0
                0x00000000000142d0       0x88 C:/ncs/v2.9.0/nrfxlib/crypto/nrf_cc310_platform/lib/cortex-m33/hard-float/no-interrupts/libnrf_cc310_platform_0.9.19.a(custom_entropy.c.obj)
 .text.cc_mbedtls_entropy_init
                0x0000000000014358       0x84 C:/ncs/v2.9.0/nrfxlib/crypto/nrf_cc310_platform/lib/cortex-m33/hard-float/no-interrupts/libnrf_cc310_platform_0.9.19.a(custom_entropy.c.obj)
                0x0000000000014358                cc_mbedtls_entropy_init
 .text.cc_mbedtls_entropy_func
                0x00000000000143dc      0x110 C:/ncs/v2.9.0/nrfxlib/crypto/nrf_cc310_platform/lib/cortex-m33/hard-float/no-interrupts/libnrf_cc310_platform_0.9.19.a(custom_entropy.c.obj)
                0x00000000000143dc                cc_mbedtls_entropy_func
 .text.cc_hmac_sha256_starts.constprop.0
                0x00000000000144ec      0x108 C:/ncs/v2.9.0/nrfxlib/crypto/nrf_cc310_platform/lib/cortex-m33/hard-float/no-interrupts/libnrf_cc310_platform_0.9.19.a(hmac_drbg_alt.c.obj)
 .text.cc_mbedtls_hmac_drbg_init
                0x00000000000145f4       0x28 C:/ncs/v2.9.0/nrfxlib/crypto/nrf_cc310_platform/lib/cortex-m33/hard-float/no-interrupts/libnrf_cc310_platform_0.9.19.a(hmac_drbg_alt.c.obj)
                0x00000000000145f4                cc_mbedtls_hmac_drbg_init
 .text.cc_mbedtls_hmac_drbg_update
                0x000000000001461c      0x170 C:/ncs/v2.9.0/nrfxlib/crypto/nrf_cc310_platform/lib/cortex-m33/hard-float/no-interrupts/libnrf_cc310_platform_0.9.19.a(hmac_drbg_alt.c.obj)
                0x000000000001461c                cc_mbedtls_hmac_drbg_update
 .text.cc_hmac_drbg_reseed_core
                0x000000000001478c       0xac C:/ncs/v2.9.0/nrfxlib/crypto/nrf_cc310_platform/lib/cortex-m33/hard-float/no-interrupts/libnrf_cc310_platform_0.9.19.a(hmac_drbg_alt.c.obj)
 .text.cc_mbedtls_hmac_drbg_seed
                0x0000000000014838       0x54 C:/ncs/v2.9.0/nrfxlib/crypto/nrf_cc310_platform/lib/cortex-m33/hard-float/no-interrupts/libnrf_cc310_platform_0.9.19.a(hmac_drbg_alt.c.obj)
                0x0000000000014838                cc_mbedtls_hmac_drbg_seed
 .text.cc_mbedtls_hmac_drbg_random_with_add
                0x000000000001488c      0x144 C:/ncs/v2.9.0/nrfxlib/crypto/nrf_cc310_platform/lib/cortex-m33/hard-float/no-interrupts/libnrf_cc310_platform_0.9.19.a(hmac_drbg_alt.c.obj)
                0x000000000001488c                cc_mbedtls_hmac_drbg_random_with_add
 .text.RndStartupTest.constprop.0
                0x00000000000149d0       0x98 C:/ncs/v2.9.0/nrfxlib/crypto/nrf_cc310_platform/lib/cortex-m33/hard-float/no-interrupts/libnrf_cc310_platform_0.9.19.a(cc_lib.c.obj)
 .text.CC_LibInit_HMAC_DRBG
                0x0000000000014a68       0xc0 C:/ncs/v2.9.0/nrfxlib/crypto/nrf_cc310_platform/lib/cortex-m33/hard-float/no-interrupts/libnrf_cc310_platform_0.9.19.a(cc_lib.c.obj)
                0x0000000000014a68                CC_LibInit_HMAC_DRBG
 .text.CC_HalInit
                0x0000000000014b28        0x4 C:/ncs/v2.9.0/nrfxlib/crypto/nrf_cc310_platform/lib/cortex-m33/hard-float/no-interrupts/libnrf_cc310_platform_0.9.19.a(cc_hal.c.obj)
                0x0000000000014b28                CC_HalInit
 .text.CC_HalTerminate
                0x0000000000014b2c        0x4 C:/ncs/v2.9.0/nrfxlib/crypto/nrf_cc310_platform/lib/cortex-m33/hard-float/no-interrupts/libnrf_cc310_platform_0.9.19.a(cc_hal.c.obj)
                0x0000000000014b2c                CC_HalTerminate
 .text.CC_HalClearInterruptBit
                0x0000000000014b30       0x1c C:/ncs/v2.9.0/nrfxlib/crypto/nrf_cc310_platform/lib/cortex-m33/hard-float/no-interrupts/libnrf_cc310_platform_0.9.19.a(cc_hal.c.obj)
                0x0000000000014b30                CC_HalClearInterruptBit
 .text.CC_HalMaskInterrupt
                0x0000000000014b4c        0xc C:/ncs/v2.9.0/nrfxlib/crypto/nrf_cc310_platform/lib/cortex-m33/hard-float/no-interrupts/libnrf_cc310_platform_0.9.19.a(cc_hal.c.obj)
                0x0000000000014b4c                CC_HalMaskInterrupt
 .text.CC_HalWaitInterrupt
                0x0000000000014b58        0xc C:/ncs/v2.9.0/nrfxlib/crypto/nrf_cc310_platform/lib/cortex-m33/hard-float/no-interrupts/libnrf_cc310_platform_0.9.19.a(cc_hal.c.obj)
                0x0000000000014b58                CC_HalWaitInterrupt
 .text.CC_HalWaitInterruptRND
                0x0000000000014b64        0xc C:/ncs/v2.9.0/nrfxlib/crypto/nrf_cc310_platform/lib/cortex-m33/hard-float/no-interrupts/libnrf_cc310_platform_0.9.19.a(cc_hal.c.obj)
                0x0000000000014b64                CC_HalWaitInterruptRND
 .text.CC_PalInit
                0x0000000000014b70       0x5c C:/ncs/v2.9.0/nrfxlib/crypto/nrf_cc310_platform/lib/cortex-m33/hard-float/no-interrupts/libnrf_cc310_platform_0.9.19.a(cc_pal.c.obj)
                0x0000000000014b70                CC_PalInit
 .text.CC_PalTerminate
                0x0000000000014bcc       0x34 C:/ncs/v2.9.0/nrfxlib/crypto/nrf_cc310_platform/lib/cortex-m33/hard-float/no-interrupts/libnrf_cc310_platform_0.9.19.a(cc_pal.c.obj)
                0x0000000000014bcc                CC_PalTerminate
 .text.CC_PalDmaInit
                0x0000000000014c00        0x4 C:/ncs/v2.9.0/nrfxlib/crypto/nrf_cc310_platform/lib/cortex-m33/hard-float/no-interrupts/libnrf_cc310_platform_0.9.19.a(cc_pal_dma.c.obj)
                0x0000000000014c00                CC_PalDmaInit
 .text.CC_PalDmaTerminate
                0x0000000000014c04        0x4 C:/ncs/v2.9.0/nrfxlib/crypto/nrf_cc310_platform/lib/cortex-m33/hard-float/no-interrupts/libnrf_cc310_platform_0.9.19.a(cc_pal_dma.c.obj)
                0x0000000000014c04                CC_PalDmaTerminate
 .text.CC_PalWaitInterruptRND
                0x0000000000014c08       0x2c C:/ncs/v2.9.0/nrfxlib/crypto/nrf_cc310_platform/lib/cortex-m33/hard-float/no-interrupts/libnrf_cc310_platform_0.9.19.a(cc_pal_interrupt_ctrl.c.obj)
                0x0000000000014c08                CC_PalWaitInterruptRND
 .text.CC_PalWaitInterrupt
                0x0000000000014c34       0x18 C:/ncs/v2.9.0/nrfxlib/crypto/nrf_cc310_platform/lib/cortex-m33/hard-float/no-interrupts/libnrf_cc310_platform_0.9.19.a(cc_pal_interrupt_ctrl.c.obj)
                0x0000000000014c34                CC_PalWaitInterrupt
 .text.CC_PalMemCopyPlat
                0x0000000000014c4c        0x4 C:/ncs/v2.9.0/nrfxlib/crypto/nrf_cc310_platform/lib/cortex-m33/hard-float/no-interrupts/libnrf_cc310_platform_0.9.19.a(cc_pal_mem.c.obj)
                0x0000000000014c4c                CC_PalMemCopyPlat
 .text.CC_PalMemSetZeroPlat
                0x0000000000014c50        0x8 C:/ncs/v2.9.0/nrfxlib/crypto/nrf_cc310_platform/lib/cortex-m33/hard-float/no-interrupts/libnrf_cc310_platform_0.9.19.a(cc_pal_mem.c.obj)
                0x0000000000014c50                CC_PalMemSetZeroPlat
 .text.CC_PalMutexCreate
                0x0000000000014c58       0x14 C:/ncs/v2.9.0/nrfxlib/crypto/nrf_cc310_platform/lib/cortex-m33/hard-float/no-interrupts/libnrf_cc310_platform_0.9.19.a(cc_pal_mutex.c.obj)
                0x0000000000014c58                CC_PalMutexCreate
 .text.CC_PalMutexDestroy
                0x0000000000014c6c       0x14 C:/ncs/v2.9.0/nrfxlib/crypto/nrf_cc310_platform/lib/cortex-m33/hard-float/no-interrupts/libnrf_cc310_platform_0.9.19.a(cc_pal_mutex.c.obj)
                0x0000000000014c6c                CC_PalMutexDestroy
 .text.CC_PalMutexLock
                0x0000000000014c80       0x10 C:/ncs/v2.9.0/nrfxlib/crypto/nrf_cc310_platform/lib/cortex-m33/hard-float/no-interrupts/libnrf_cc310_platform_0.9.19.a(cc_pal_mutex.c.obj)
                0x0000000000014c80                CC_PalMutexLock
 .text.CC_PalMutexUnlock
                0x0000000000014c90       0x14 C:/ncs/v2.9.0/nrfxlib/crypto/nrf_cc310_platform/lib/cortex-m33/hard-float/no-interrupts/libnrf_cc310_platform_0.9.19.a(cc_pal_mutex.c.obj)
                0x0000000000014c90                CC_PalMutexUnlock
 .text.CC_PalPowerSaveModeInit
                0x0000000000014ca4       0x3c C:/ncs/v2.9.0/nrfxlib/crypto/nrf_cc310_platform/lib/cortex-m33/hard-float/no-interrupts/libnrf_cc310_platform_0.9.19.a(cc_pal_pm.c.obj)
                0x0000000000014ca4                CC_PalPowerSaveModeInit
 .text.CC_PalPowerSaveModeSelect
                0x0000000000014ce0       0x84 C:/ncs/v2.9.0/nrfxlib/crypto/nrf_cc310_platform/lib/cortex-m33/hard-float/no-interrupts/libnrf_cc310_platform_0.9.19.a(cc_pal_pm.c.obj)
                0x0000000000014ce0                CC_PalPowerSaveModeSelect
 .text.mutex_init
                0x0000000000014d64        0xc C:/ncs/v2.9.0/nrfxlib/crypto/nrf_cc310_platform/lib/cortex-m33/hard-float/no-interrupts/libnrf_cc310_platform_0.9.19.a(threading_alt.c.obj)
                0x0000000000014d64                mutex_init
 .text.mutex_lock
                0x0000000000014d70        0xc C:/ncs/v2.9.0/nrfxlib/crypto/nrf_cc310_platform/lib/cortex-m33/hard-float/no-interrupts/libnrf_cc310_platform_0.9.19.a(threading_alt.c.obj)
                0x0000000000014d70                mutex_lock
 .text.mutex_unlock
                0x0000000000014d7c        0xc C:/ncs/v2.9.0/nrfxlib/crypto/nrf_cc310_platform/lib/cortex-m33/hard-float/no-interrupts/libnrf_cc310_platform_0.9.19.a(threading_alt.c.obj)
                0x0000000000014d7c                mutex_unlock
 .text.nrf_cc3xx_platform_abort
                0x0000000000014d88       0x24 C:/ncs/v2.9.0/nrfxlib/crypto/nrf_cc310_platform/lib/cortex-m33/hard-float/no-interrupts/libnrf_cc310_platform_0.9.19.a(nrf_cc3xx_platform_abort.c.obj)
 .text.CC_PalAbort
                0x0000000000014dac       0x34 C:/ncs/v2.9.0/nrfxlib/crypto/nrf_cc310_platform/lib/cortex-m33/hard-float/no-interrupts/libnrf_cc310_platform_0.9.19.a(nrf_cc3xx_platform_abort.c.obj)
                0x0000000000014dac                CC_PalAbort
 .text.mutex_free
                0x0000000000014de0       0x34 C:/ncs/v2.9.0/nrfxlib/crypto/nrf_cc310_platform/lib/cortex-m33/hard-float/no-interrupts/libnrf_cc310_platform_0.9.19.a(nrf_cc3xx_platform_mutex.c.obj)
 .text.mutex_lock
                0x0000000000014e14       0x48 C:/ncs/v2.9.0/nrfxlib/crypto/nrf_cc310_platform/lib/cortex-m33/hard-float/no-interrupts/libnrf_cc310_platform_0.9.19.a(nrf_cc3xx_platform_mutex.c.obj)
 .text.mutex_unlock
                0x0000000000014e5c       0x38 C:/ncs/v2.9.0/nrfxlib/crypto/nrf_cc310_platform/lib/cortex-m33/hard-float/no-interrupts/libnrf_cc310_platform_0.9.19.a(nrf_cc3xx_platform_mutex.c.obj)
 .text.mutex_init
                0x0000000000014e94       0x20 C:/ncs/v2.9.0/nrfxlib/crypto/nrf_cc310_platform/lib/cortex-m33/hard-float/no-interrupts/libnrf_cc310_platform_0.9.19.a(nrf_cc3xx_platform_mutex.c.obj)
 .text.startTrngHW
                0x0000000000014eb4      0x140 C:/ncs/v2.9.0/nrfxlib/crypto/nrf_cc310_platform/lib/cortex-m33/hard-float/no-interrupts/libnrf_cc310_platform_0.9.19.a(llf_rnd_trng90b.c.obj)
 .text.LLF_RND_RepetitionCounterTest
                0x0000000000014ff4       0x64 C:/ncs/v2.9.0/nrfxlib/crypto/nrf_cc310_platform/lib/cortex-m33/hard-float/no-interrupts/libnrf_cc310_platform_0.9.19.a(llf_rnd_trng90b.c.obj)
                0x0000000000014ff4                LLF_RND_RepetitionCounterTest
 .text.LLF_RND_AdaptiveProportionTest
                0x0000000000015058       0x80 C:/ncs/v2.9.0/nrfxlib/crypto/nrf_cc310_platform/lib/cortex-m33/hard-float/no-interrupts/libnrf_cc310_platform_0.9.19.a(llf_rnd_trng90b.c.obj)
                0x0000000000015058                LLF_RND_AdaptiveProportionTest
 .text.getTrngSource
                0x00000000000150d8      0x2b4 C:/ncs/v2.9.0/nrfxlib/crypto/nrf_cc310_platform/lib/cortex-m33/hard-float/no-interrupts/libnrf_cc310_platform_0.9.19.a(llf_rnd_trng90b.c.obj)
 .text.LLF_RND_GetTrngSource
                0x000000000001538c       0x18 C:/ncs/v2.9.0/nrfxlib/crypto/nrf_cc310_platform/lib/cortex-m33/hard-float/no-interrupts/libnrf_cc310_platform_0.9.19.a(llf_rnd_trng90b.c.obj)
                0x000000000001538c                LLF_RND_GetTrngSource
 .text.LLF_RND_RunTrngStartupTest
                0x00000000000153a4       0x1c C:/ncs/v2.9.0/nrfxlib/crypto/nrf_cc310_platform/lib/cortex-m33/hard-float/no-interrupts/libnrf_cc310_platform_0.9.19.a(llf_rnd_trng90b.c.obj)
                0x00000000000153a4                LLF_RND_RunTrngStartupTest
 .text.mbedtls_hardware_poll
                0x00000000000153c0       0xfc C:/ncs/v2.9.0/nrfxlib/crypto/nrf_cc310_platform/lib/cortex-m33/hard-float/no-interrupts/libnrf_cc310_platform_0.9.19.a(trng_api.c.obj)
                0x00000000000153c0                mbedtls_hardware_poll
 .text.cc_mbedtls_sha256_init
                0x00000000000154bc       0x28 C:/ncs/v2.9.0/nrfxlib/crypto/nrf_cc310_platform/lib/cortex-m33/hard-float/no-interrupts/libnrf_cc310_platform_0.9.19.a(sha256_alt.c.obj)
                0x00000000000154bc                cc_mbedtls_sha256_init
 .text.cc_mbedtls_sha256_free
                0x00000000000154e4        0xc C:/ncs/v2.9.0/nrfxlib/crypto/nrf_cc310_platform/lib/cortex-m33/hard-float/no-interrupts/libnrf_cc310_platform_0.9.19.a(sha256_alt.c.obj)
                0x00000000000154e4                cc_mbedtls_sha256_free
 .text.cc_mbedtls_sha256_starts
                0x00000000000154f0       0x28 C:/ncs/v2.9.0/nrfxlib/crypto/nrf_cc310_platform/lib/cortex-m33/hard-float/no-interrupts/libnrf_cc310_platform_0.9.19.a(sha256_alt.c.obj)
                0x00000000000154f0                cc_mbedtls_sha256_starts
 .text.cc_mbedtls_sha256_update
                0x0000000000015518       0x54 C:/ncs/v2.9.0/nrfxlib/crypto/nrf_cc310_platform/lib/cortex-m33/hard-float/no-interrupts/libnrf_cc310_platform_0.9.19.a(sha256_alt.c.obj)
                0x0000000000015518                cc_mbedtls_sha256_update
 .text.cc_mbedtls_sha256_finish
                0x000000000001556c       0x48 C:/ncs/v2.9.0/nrfxlib/crypto/nrf_cc310_platform/lib/cortex-m33/hard-float/no-interrupts/libnrf_cc310_platform_0.9.19.a(sha256_alt.c.obj)
                0x000000000001556c                cc_mbedtls_sha256_finish
 .text.mbedtls_sha_starts_internal
                0x00000000000155b4       0x28 C:/ncs/v2.9.0/nrfxlib/crypto/nrf_cc310_platform/lib/cortex-m33/hard-float/no-interrupts/libnrf_cc310_platform_0.9.19.a(mbedtls_hash_common.c.obj)
                0x00000000000155b4                mbedtls_sha_starts_internal
 .text.mbedtls_sha_finish_internal
                0x00000000000155dc       0x5c C:/ncs/v2.9.0/nrfxlib/crypto/nrf_cc310_platform/lib/cortex-m33/hard-float/no-interrupts/libnrf_cc310_platform_0.9.19.a(mbedtls_hash_common.c.obj)
                0x00000000000155dc                mbedtls_sha_finish_internal
 .text.mbedtls_sha_update_internal
                0x0000000000015638      0x1ec C:/ncs/v2.9.0/nrfxlib/crypto/nrf_cc310_platform/lib/cortex-m33/hard-float/no-interrupts/libnrf_cc310_platform_0.9.19.a(mbedtls_hash_common.c.obj)
                0x0000000000015638                mbedtls_sha_update_internal
 .text.cc_mbedtls_sha256
                0x0000000000015824       0x50 C:/ncs/v2.9.0/nrfxlib/crypto/nrf_cc310_platform/lib/cortex-m33/hard-float/no-interrupts/libnrf_cc310_platform_0.9.19.a(sha256.c.obj)
                0x0000000000015824                cc_mbedtls_sha256
 .text.RNG_PLAT_SetUserRngParameters
                0x0000000000015874       0x74 C:/ncs/v2.9.0/nrfxlib/crypto/nrf_cc310_platform/lib/cortex-m33/hard-float/no-interrupts/libnrf_cc310_platform_0.9.19.a(cc_rng_plat.c.obj)
                0x0000000000015874                RNG_PLAT_SetUserRngParameters
 .text.CC_PalTrngParamGet
                0x00000000000158e8      0x114 C:/ncs/v2.9.0/nrfxlib/crypto/nrf_cc310_platform/lib/cortex-m33/hard-float/no-interrupts/libnrf_cc310_platform_0.9.19.a(cc_pal_trng.c.obj)
                0x00000000000158e8                CC_PalTrngParamGet
 .text.LLF_RND_WaitRngInterrupt
                0x00000000000159fc       0x20 C:/ncs/v2.9.0/nrfxlib/crypto/nrf_cc310_platform/lib/cortex-m33/hard-float/no-interrupts/libnrf_cc310_platform_0.9.19.a(llf_rnd.c.obj)
                0x00000000000159fc                LLF_RND_WaitRngInterrupt
 .text.LLF_RND_GetRoscSampleCnt
                0x0000000000015a1c       0x34 C:/ncs/v2.9.0/nrfxlib/crypto/nrf_cc310_platform/lib/cortex-m33/hard-float/no-interrupts/libnrf_cc310_platform_0.9.19.a(llf_rnd.c.obj)
                0x0000000000015a1c                LLF_RND_GetRoscSampleCnt
 .text.LLF_RND_GetFastestRosc
                0x0000000000015a50       0x20 C:/ncs/v2.9.0/nrfxlib/crypto/nrf_cc310_platform/lib/cortex-m33/hard-float/no-interrupts/libnrf_cc310_platform_0.9.19.a(llf_rnd.c.obj)
                0x0000000000015a50                LLF_RND_GetFastestRosc
 .text.LLF_RND_TurnOffTrng
                0x0000000000015a70       0x18 C:/ncs/v2.9.0/nrfxlib/crypto/nrf_cc310_platform/lib/cortex-m33/hard-float/no-interrupts/libnrf_cc310_platform_0.9.19.a(llf_rnd.c.obj)
                0x0000000000015a70                LLF_RND_TurnOffTrng
 .text.SetDataBuffersInfo
                0x0000000000015a88       0x68 C:/ncs/v2.9.0/nrfxlib/crypto/nrf_cc310_platform/lib/cortex-m33/hard-float/no-interrupts/libnrf_cc310_platform_0.9.19.a(driver_common.c.obj)
                0x0000000000015a88                SetDataBuffersInfo
 .text.InitHashDrv
                0x0000000000015af0       0x50 C:/ncs/v2.9.0/nrfxlib/crypto/nrf_cc310_platform/lib/cortex-m33/hard-float/no-interrupts/libnrf_cc310_platform_0.9.19.a(hash_driver.c.obj)
                0x0000000000015af0                InitHashDrv
 .text.ProcessHashDrv
                0x0000000000015b40      0x22c C:/ncs/v2.9.0/nrfxlib/crypto/nrf_cc310_platform/lib/cortex-m33/hard-float/no-interrupts/libnrf_cc310_platform_0.9.19.a(hash_driver.c.obj)
                0x0000000000015b40                ProcessHashDrv
 .text.FinishHashDrv
                0x0000000000015d6c       0x74 C:/ncs/v2.9.0/nrfxlib/crypto/nrf_cc310_platform/lib/cortex-m33/hard-float/no-interrupts/libnrf_cc310_platform_0.9.19.a(hash_driver.c.obj)
                0x0000000000015d6c                FinishHashDrv
 .text.CC_PalDataBufferAttrGet
                0x0000000000015de0        0x8 C:/ncs/v2.9.0/nrfxlib/crypto/nrf_cc310_platform/lib/cortex-m33/hard-float/no-interrupts/libnrf_cc310_platform_0.9.19.a(cc_pal_buff_attr.c.obj)
                0x0000000000015de0                CC_PalDataBufferAttrGet
 .text          0x0000000000015de8       0xc8 c:/ncs/toolchains/b620d30767/opt/zephyr-sdk/arm-zephyr-eabi/bin/../lib/gcc/arm-zephyr-eabi/12.2.0/thumb/v8-m.main+fp/hard\libgcc.a(cmse.o)
                0x0000000000015de8                cmse_check_address_range
 .text.exit     0x0000000000015eb0       0x28 c:/ncs/toolchains/b620d30767/opt/zephyr-sdk/arm-zephyr-eabi/bin/../lib/gcc/arm-zephyr-eabi/12.2.0/../../../../arm-zephyr-eabi/lib/thumb/v8-m.main+fp/hard\libc_nano.a(lib_a-exit.o)
                0x0000000000015eb0                exit
 .text.__libc_init_array
                0x0000000000015ed8       0x48 c:/ncs/toolchains/b620d30767/opt/zephyr-sdk/arm-zephyr-eabi/bin/../lib/gcc/arm-zephyr-eabi/12.2.0/../../../../arm-zephyr-eabi/lib/thumb/v8-m.main+fp/hard\libc_nano.a(lib_a-init.o)
                0x0000000000015ed8                __libc_init_array
 .text._exit    0x0000000000015f20        0x4 c:/ncs/toolchains/b620d30767/opt/zephyr-sdk/arm-zephyr-eabi/bin/../lib/gcc/arm-zephyr-eabi/12.2.0/../../../../arm-zephyr-eabi/lib/thumb/v8-m.main+fp/hard\libnosys.a(_exit.o)
                0x0000000000015f20                _exit
 .text.clear_caller_context
                0x0000000000015f24       0x5c secure_fw/CMakeFiles/tfm_s.dir/partitions/ns_agent_tz/psa_api_veneers_v80m.o
 .text.C_HardFault_Handler
                0x0000000000015f80        0x4 secure_fw/CMakeFiles/tfm_s.dir/__/platform/ext/common/faults.o
                0x0000000000015f80                C_HardFault_Handler
 .text.HardFault_Handler
                0x0000000000015f84       0x1c secure_fw/CMakeFiles/tfm_s.dir/__/platform/ext/common/faults.o
                0x0000000000015f84                HardFault_Handler
 .text.C_MemManage_Handler
                0x0000000000015fa0        0x4 secure_fw/CMakeFiles/tfm_s.dir/__/platform/ext/common/faults.o
                0x0000000000015fa0                C_MemManage_Handler
 .text.MemManage_Handler
                0x0000000000015fa4       0x1c secure_fw/CMakeFiles/tfm_s.dir/__/platform/ext/common/faults.o
                0x0000000000015fa4                MemManage_Handler
 .text.C_BusFault_Handler
                0x0000000000015fc0        0x4 secure_fw/CMakeFiles/tfm_s.dir/__/platform/ext/common/faults.o
                0x0000000000015fc0                C_BusFault_Handler
 .text.BusFault_Handler
                0x0000000000015fc4       0x1c secure_fw/CMakeFiles/tfm_s.dir/__/platform/ext/common/faults.o
                0x0000000000015fc4                BusFault_Handler
 .text.C_SecureFault_Handler
                0x0000000000015fe0        0x4 secure_fw/CMakeFiles/tfm_s.dir/__/platform/ext/common/faults.o
                0x0000000000015fe0                C_SecureFault_Handler
 .text.SecureFault_Handler
                0x0000000000015fe4       0x1c secure_fw/CMakeFiles/tfm_s.dir/__/platform/ext/common/faults.o
                0x0000000000015fe4                SecureFault_Handler
 .text.C_UsageFault_Handler
                0x0000000000016000        0x4 secure_fw/CMakeFiles/tfm_s.dir/__/platform/ext/common/faults.o
                0x0000000000016000                C_UsageFault_Handler
 .text.UsageFault_Handler
                0x0000000000016004       0x1c secure_fw/CMakeFiles/tfm_s.dir/__/platform/ext/common/faults.o
                0x0000000000016004                UsageFault_Handler
 .text.memmove  0x0000000000016020       0x6c secure_fw/partitions/lib/runtime/libtfm_sprt.a(crt_memmove.o)
                0x0000000000016020                memmove
 .text.memcpy   0x000000000001608c       0x4a secure_fw/partitions/lib/runtime/libtfm_sprt.a(crt_memcpy.o)
                0x000000000001608c                memcpy
 .text.memset   0x00000000000160d6       0x46 secure_fw/partitions/lib/runtime/libtfm_sprt.a(crt_memset.o)
                0x00000000000160d6                memset
 .text.psa_framework_version
                0x000000000001611c       0x18 secure_fw/partitions/lib/runtime/libtfm_sprt.a(psa_interface_sfn.o)
                0x000000000001611c                psa_framework_version
 .text.psa_version
                0x0000000000016134       0x1c secure_fw/partitions/lib/runtime/libtfm_sprt.a(psa_interface_sfn.o)
                0x0000000000016134                psa_version
 .text.psa_read
                0x0000000000016150       0x2a secure_fw/partitions/lib/runtime/libtfm_sprt.a(psa_interface_sfn.o)
                0x0000000000016150                psa_read
 .text.psa_write
                0x000000000001617a       0x2a secure_fw/partitions/lib/runtime/libtfm_sprt.a(psa_interface_sfn.o)
                0x000000000001617a                psa_write
 .text.psa_panic
                0x00000000000161a4       0x18 secure_fw/partitions/lib/runtime/libtfm_sprt.a(psa_interface_sfn.o)
                0x00000000000161a4                psa_panic
 .text.platform_calloc_uninit
                0x00000000000161bc        0x4 secure_fw/partitions/crypto/mbedcrypto/nrf_security_src/core/nrf_oberon/liboberon_psa_core.a(platform.o)
 .text.platform_free_uninit
                0x00000000000161c0        0x2 secure_fw/partitions/crypto/mbedcrypto/nrf_security_src/core/nrf_oberon/liboberon_psa_core.a(platform.o)
 .text.mbedtls_zeroize_and_free
                0x00000000000161c2       0x14 secure_fw/partitions/crypto/mbedcrypto/nrf_security_src/core/nrf_oberon/liboberon_psa_core.a(platform_util.o)
                0x00000000000161c2                mbedtls_zeroize_and_free
 .text.psa_remove_key_data_from_memory
                0x00000000000161d6       0x16 secure_fw/partitions/crypto/mbedcrypto/nrf_security_src/core/nrf_oberon/liboberon_psa_core.a(psa_crypto.o)
                0x00000000000161d6                psa_remove_key_data_from_memory
 .text.psa_wipe_key_slot
                0x00000000000161ec       0x3a secure_fw/partitions/crypto/mbedcrypto/nrf_security_src/core/nrf_oberon/liboberon_psa_core.a(psa_crypto.o)
                0x00000000000161ec                psa_wipe_key_slot
 .text.psa_driver_wrapper_init
                0x0000000000016226        0x4 secure_fw/partitions/crypto/mbedcrypto/nrf_security_src/core/nrf_oberon/liboberon_psa_core.a(psa_crypto_driver_wrappers.o)
                0x0000000000016226                psa_driver_wrapper_init
 .text.psa_driver_wrapper_free
                0x000000000001622a        0x2 secure_fw/partitions/crypto/mbedcrypto/nrf_security_src/core/nrf_oberon/liboberon_psa_core.a(psa_crypto_driver_wrappers.o)
                0x000000000001622a                psa_driver_wrapper_free
 .text.psa_driver_wrapper_init_random
                0x000000000001622c        0x4 secure_fw/partitions/crypto/mbedcrypto/nrf_security_src/core/nrf_oberon/liboberon_psa_core.a(psa_crypto_driver_wrappers.o)
                0x000000000001622c                psa_driver_wrapper_init_random
 .text.psa_driver_wrapper_get_random
                0x0000000000016230       0x22 secure_fw/partitions/crypto/mbedcrypto/nrf_security_src/core/nrf_oberon/liboberon_psa_core.a(psa_crypto_driver_wrappers.o)
                0x0000000000016230                psa_driver_wrapper_get_random
 .text.psa_driver_wrapper_free_random
                0x0000000000016252        0x4 secure_fw/partitions/crypto/mbedcrypto/nrf_security_src/core/nrf_oberon/liboberon_psa_core.a(psa_crypto_driver_wrappers.o)
                0x0000000000016252                psa_driver_wrapper_free_random
 .text.memcmp   0x0000000000016256       0x20 secure_fw/partitions/lib/runtime/libtfm_sprt.a(crt_memcmp.o)
                0x0000000000016256                memcmp
 .text          0x0000000000016276       0x5c c:/ncs/toolchains/b620d30767/opt/zephyr-sdk/arm-zephyr-eabi/bin/../lib/gcc/arm-zephyr-eabi/12.2.0/thumb/v8-m.main+fp/hard\libgcc.a(cmse_nonsecure_call.o)
                0x0000000000016276                __gnu_cmse_nonsecure_call
 *(.init)
 *fill*         0x00000000000162d2        0x2 
 .init          0x00000000000162d4        0x4 c:/ncs/toolchains/b620d30767/opt/zephyr-sdk/arm-zephyr-eabi/bin/../lib/gcc/arm-zephyr-eabi/12.2.0/thumb/v8-m.main+fp/hard/crti.o
                0x00000000000162d4                _init
 .init          0x00000000000162d8        0x8 c:/ncs/toolchains/b620d30767/opt/zephyr-sdk/arm-zephyr-eabi/bin/../lib/gcc/arm-zephyr-eabi/12.2.0/thumb/v8-m.main+fp/hard/crtn.o
 *(.fini)
 .fini          0x00000000000162e0        0x4 c:/ncs/toolchains/b620d30767/opt/zephyr-sdk/arm-zephyr-eabi/bin/../lib/gcc/arm-zephyr-eabi/12.2.0/thumb/v8-m.main+fp/hard/crti.o
                0x00000000000162e0                _fini
 .fini          0x00000000000162e4        0x8 c:/ncs/toolchains/b620d30767/opt/zephyr-sdk/arm-zephyr-eabi/bin/../lib/gcc/arm-zephyr-eabi/12.2.0/thumb/v8-m.main+fp/hard/crtn.o
 *crtbegin.o(.ctors)
 *crtbegin?.o(.ctors)
 *(EXCLUDE_FILE(*crtend.o *crtend?.o) .ctors)
 *(SORT_BY_NAME(.ctors.*))
 *(.ctors)
 *crtbegin.o(.dtors)
 *crtbegin?.o(.dtors)
 *(EXCLUDE_FILE(*crtend.o *crtend?.o) .dtors)
 *(SORT_BY_NAME(.dtors.*))
 *(.dtors)
 *(SORT_BY_ALIGNMENT(.rodata*))
 .rodata.ret_err
                0x00000000000162ec        0x4 secure_fw/CMakeFiles/tfm_s.dir/partitions/ns_agent_tz/psa_api_veneers_v80m.o
                0x00000000000162ec                ret_err
 .rodata.CSWTCH.10
                0x00000000000162f0       0x1c C:/ncs/v2.9.0/nrfxlib/crypto/nrf_cc310_platform/lib/cortex-m33/hard-float/no-interrupts/libnrf_cc310_platform_0.9.19.a(nrf_cc3xx_platform.c.obj)
 .rodata.RndStartupTest.constprop.0.str1.4
                0x000000000001630c       0x6f C:/ncs/v2.9.0/nrfxlib/crypto/nrf_cc310_platform/lib/cortex-m33/hard-float/no-interrupts/libnrf_cc310_platform_0.9.19.a(cc_lib.c.obj)
 *fill*         0x000000000001637b        0x1 
 .rodata.CC_PalPowerSaveModeInit.str1.4
                0x000000000001637c       0x20 C:/ncs/v2.9.0/nrfxlib/crypto/nrf_cc310_platform/lib/cortex-m33/hard-float/no-interrupts/libnrf_cc310_platform_0.9.19.a(cc_pal_pm.c.obj)
 .rodata.mutex_free.str1.4
                0x000000000001639c       0x26 C:/ncs/v2.9.0/nrfxlib/crypto/nrf_cc310_platform/lib/cortex-m33/hard-float/no-interrupts/libnrf_cc310_platform_0.9.19.a(nrf_cc3xx_platform_mutex.c.obj)
 *fill*         0x00000000000163c2        0x2 
 .rodata.mutex_init.str1.4
                0x00000000000163c4       0x23 C:/ncs/v2.9.0/nrfxlib/crypto/nrf_cc310_platform/lib/cortex-m33/hard-float/no-interrupts/libnrf_cc310_platform_0.9.19.a(nrf_cc3xx_platform_mutex.c.obj)
 *fill*         0x00000000000163e7        0x1 
 .rodata.mbedtls_hardware_poll.str1.4
                0x00000000000163e8       0x16 C:/ncs/v2.9.0/nrfxlib/crypto/nrf_cc310_platform/lib/cortex-m33/hard-float/no-interrupts/libnrf_cc310_platform_0.9.19.a(trng_api.c.obj)
                                         0x6e (size before relaxing)
 *fill*         0x00000000000163fe        0x2 
 .rodata.cc_mbedtls_sha256_init.str1.4
                0x0000000000016400        0xe C:/ncs/v2.9.0/nrfxlib/crypto/nrf_cc310_platform/lib/cortex-m33/hard-float/no-interrupts/libnrf_cc310_platform_0.9.19.a(sha256_alt.c.obj)
 .rodata.ProcessHashDrv.str1.4
                0x000000000001640e       0x6f C:/ncs/v2.9.0/nrfxlib/crypto/nrf_cc310_platform/lib/cortex-m33/hard-float/no-interrupts/libnrf_cc310_platform_0.9.19.a(hash_driver.c.obj)
 *fill*         0x000000000001640e        0x2 
 .rodata.HASH_LARVAL_SHA256
                0x0000000000016410       0x20 C:/ncs/v2.9.0/nrfxlib/crypto/nrf_cc310_platform/lib/cortex-m33/hard-float/no-interrupts/libnrf_cc310_platform_0.9.19.a(hash_driver.c.obj)
 .rodata.HASH_LARVAL_SHA224
                0x0000000000016430       0x20 C:/ncs/v2.9.0/nrfxlib/crypto/nrf_cc310_platform/lib/cortex-m33/hard-float/no-interrupts/libnrf_cc310_platform_0.9.19.a(hash_driver.c.obj)
 .rodata.HASH_LARVAL_SHA1
                0x0000000000016450       0x14 C:/ncs/v2.9.0/nrfxlib/crypto/nrf_cc310_platform/lib/cortex-m33/hard-float/no-interrupts/libnrf_cc310_platform_0.9.19.a(hash_driver.c.obj)
 .rodata._global_impure_ptr
                0x0000000000016464        0x4 c:/ncs/toolchains/b620d30767/opt/zephyr-sdk/arm-zephyr-eabi/bin/../lib/gcc/arm-zephyr-eabi/12.2.0/../../../../arm-zephyr-eabi/lib/thumb/v8-m.main+fp/hard\libc_nano.a(lib_a-impure.o)
                0x0000000000016464                _global_impure_ptr
 .rodata.str1.1
                0x0000000000016468        0xb secure_fw/CMakeFiles/tfm_s.dir/__/generated/secure_fw/partitions/crypto/auto_generated/load_info_tfm_crypto.o
 .rodata.str1.1
                0x0000000000016473       0x15 secure_fw/CMakeFiles/tfm_s.dir/__/generated/secure_fw/partitions/platform/auto_generated/load_info_tfm_platform.o
 *(.eh_frame*)
 .eh_frame      0x0000000000016488        0x0 c:/ncs/toolchains/b620d30767/opt/zephyr-sdk/arm-zephyr-eabi/bin/../lib/gcc/arm-zephyr-eabi/12.2.0/thumb/v8-m.main+fp/hard/crtbegin.o
 .eh_frame      0x0000000000016488        0x4 c:/ncs/toolchains/b620d30767/opt/zephyr-sdk/arm-zephyr-eabi/bin/../lib/gcc/arm-zephyr-eabi/12.2.0/thumb/v8-m.main+fp/hard/crtend.o
                0x00000000000164a0                . = ALIGN (0x20)
 *fill*         0x000000000001648c       0x14 
                0x0000000000013b20                Image$$TFM_UNPRIV_CODE_START$$RO$$Base = ADDR (.TFM_UNPRIV_CODE)
                0x00000000000164a0                Image$$TFM_UNPRIV_CODE_END$$RO$$Limit = (ADDR (.TFM_UNPRIV_CODE) + SIZEOF (.TFM_UNPRIV_CODE))

.rel.dyn        0x00000000000164a0        0x0
 .rel.iplt      0x00000000000164a0        0x0 c:/ncs/toolchains/b620d30767/opt/zephyr-sdk/arm-zephyr-eabi/bin/../lib/gcc/arm-zephyr-eabi/12.2.0/thumb/v8-m.main+fp/hard/crtbegin.o

.gnu.sgstubs    0x0000000000017c00       0x40
 *(.gnu.sgstubs*)
 .gnu.sgstubs.__stub
                0x0000000000017c00       0x28 linker stubs
                0x0000000000017c00                tfm_psa_framework_version_veneer
                0x0000000000017c08                tfm_psa_version_veneer
                0x0000000000017c10                tfm_psa_close_veneer
                0x0000000000017c18                tfm_psa_connect_veneer
                0x0000000000017c20                tfm_psa_call_veneer

.sgstubs_end    0x0000000000018000        0x0
                0x0000000000018000                . = ALIGN (0x20)
                0x0000000000017c40                Image$$PT_RO_END$$Base = .

.tfm_secure_data_start
                0x0000000020000000        0x0
                0x0000000020000000                . = ALIGN (0x4)

.tfm_bl2_shared_data
                0x0000000020000000      0x400
                0x0000000020000400                . = (. + 0x400)
 *fill*         0x0000000020000000      0x400 

.msp_stack      0x0000000020000400      0x7f8
                0x0000000020000bf8                . = (. + (__msp_stack_size__ - 0x8))
 *fill*         0x0000000020000400      0x7f8 
                0x0000000020000400                Image$$ARM_LIB_STACK$$ZI$$Base = ADDR (.msp_stack)
                0x0000000020000bf8                Image$$ARM_LIB_STACK$$ZI$$Limit = (ADDR (.msp_stack) + SIZEOF (.msp_stack))

.msp_stack_seal_res
                0x0000000020000bf8        0x8
                0x0000000020000c00                . = (. + 0x8)
 *fill*         0x0000000020000bf8        0x8 
                0x0000000020000bf8                __StackSeal = ADDR (.msp_stack_seal_res)
                0x0000000020000c00                . = ALIGN (0x20)
                0x0000000020000c00                Image$$TFM_APP_RW_STACK_START$$Base = .

.TFM_APP_ROT_LINKER_DATA
                0x0000000020000c00        0x0 load address 0x0000000000017c40
 *tfm_app_rot_partition*:(SORT_BY_ALIGNMENT(.data*))
 *(TFM_*_APP-ROT_ATTR_RW)
                0x0000000020000c00                . = ALIGN (0x4)
                0x0000000020000c00                Image$$TFM_APP_ROT_LINKER_DATA$$RW$$Base = ADDR (.TFM_APP_ROT_LINKER_DATA)
                0x0000000020000c00                Image$$TFM_APP_ROT_LINKER_DATA$$RW$$Limit = (ADDR (.TFM_APP_ROT_LINKER_DATA) + SIZEOF (.TFM_APP_ROT_LINKER_DATA))

.TFM_APP_ROT_LINKER_BSS
                0x0000000020000c00       0x20
                0x0000000020000c00                start_of_TFM_APP_ROT_LINKER = .
 *tfm_app_rot_partition*:(SORT_BY_ALIGNMENT(.bss*))
 *tfm_app_rot_partition*:*(COMMON)
 *(TFM_*_APP-ROT_ATTR_ZI)
                0x0000000020000c04                . = (. + (. - start_of_TFM_APP_ROT_LINKER)?0x0:0x4)
 *fill*         0x0000000020000c00        0x4 
                0x0000000020000c20                . = ALIGN (0x20)
 *fill*         0x0000000020000c04       0x1c 
                0x0000000020000c00                Image$$TFM_APP_ROT_LINKER_DATA$$ZI$$Base = ADDR (.TFM_APP_ROT_LINKER_BSS)
                0x0000000020000c20                Image$$TFM_APP_ROT_LINKER_DATA$$ZI$$Limit = (ADDR (.TFM_APP_ROT_LINKER_BSS) + SIZEOF (.TFM_APP_ROT_LINKER_BSS))
                0x0000000020000c20                Image$$TFM_APP_RW_STACK_END$$Base = .
                0x0000000020000c20                Image$$TFM_PSA_RW_STACK_START$$Base = .

.TFM_PSA_ROT_LINKER_DATA
                0x0000000020000c20        0x0 load address 0x0000000000017c40
 *tfm_psa_rot_partition*:(SORT_BY_ALIGNMENT(.data*))
 *(TFM_*_PSA-ROT_ATTR_RW)
                0x0000000020000c20                . = ALIGN (0x4)
                0x0000000020000c20                Image$$TFM_PSA_ROT_LINKER_DATA$$RW$$Base = ADDR (.TFM_PSA_ROT_LINKER_DATA)
                0x0000000020000c20                Image$$TFM_PSA_ROT_LINKER_DATA$$RW$$Limit = (ADDR (.TFM_PSA_ROT_LINKER_DATA) + SIZEOF (.TFM_PSA_ROT_LINKER_DATA))
